../Application/app.c:313:9:gb_rom_read	0	static
../Application/app.c:322:9:gb_cart_ram_read	0	static
../Application/app.c:331:6:gb_cart_ram_write	0	static
../Application/app.c:349:6:lcd_draw_line	56	static
../Application/app.c:341:6:gb_error	8	static
../Application/app.c:388:13:setupframebuffer.constprop	8	static
../Application/../Peanut-GB/peanut_gb.h:775:9:__gb_read	4	static
../Application/../Peanut-GB/peanut_gb.h:885:6:__gb_write	32	static
../Application/../Peanut-GB/peanut_gb.h:1231:9:__gb_execute_cb	32	static
../Application/../Peanut-GB/peanut_gb.h:1440:6:__gb_draw_line	232	static
../Application/../Peanut-GB/peanut_gb.h:1761:6:__gb_step_cpu	32	static
../Application/../Peanut-GB/peanut_gb.h:3491:6:gb_run_frame	8	static
../Application/../Peanut-GB/peanut_gb.h:3502:15:gb_get_save_size	40	static
../Application/../Peanut-GB/peanut_gb.h:3518:6:gb_init_serial	0	static
../Application/../Peanut-GB/peanut_gb.h:3527:9:gb_colour_hash	16	static
../Application/../Peanut-GB/peanut_gb.h:3544:6:gb_reset	24	static
../Application/../Peanut-GB/peanut_gb.h:3623:22:gb_init	120	static
../Application/../Peanut-GB/peanut_gb.h:3714:13:gb_get_rom_name	24	static
../Application/../Peanut-GB/peanut_gb.h:3739:6:gb_init_lcd	0	static
../Application/../Peanut-GB/peanut_gb.h:3758:6:gb_set_bootrom	0	static
../Application/../Peanut-GB/peanut_gb.h:3768:6:gb_tick_rtc	0	static
../Application/../Peanut-GB/peanut_gb.h:3774:6:gb_set_rtc	0	static
../Application/app.c:117:6:APP_Init	8	static
../Application/app.c:139:6:APP_Task	128	static
../Application/app.c:239:6:mainInit	24	static
../Application/app.c:277:6:screen_flip_buffers	16	static
../Application/app.c:396:6:mainTask	152	static,ignoring_inline_asm
../Application/app.c:473:6:HAL_GPIO_EXTI_Callback	0	static
../Application/app.c:486:6:HAL_TIM_PeriodElapsedCallback	16	static
