../Application/stringcmd.c:13:6:getWord	12	static
../Application/stringcmd.c:64:9:isStrEqual	8	static
../Application/stringcmd.c:76:9:isSubStrEqual	12	static
../Application/stringcmd.c:87:6:strCopy	0	static
../Application/stringcmd.c:98:10:strLen	0	static
../Application/stringcmd.c:50:6:strCat	16	static
../Application/stringcmd.c:109:9:AreNumbers	0	static
../Application/stringcmd.c:119:9:isNumber	8	static
../Application/stringcmd.c:132:9:str2num	16	static
../Application/stringcmd.c:155:6:num2str	152	static
../Application/stringcmd.c:180:10:num2binary	0	static
../Application/stringcmd.c:195:9:bit_test	0	static
../Application/stringcmd.c:202:6:float2str	152	static
