../Drivers/BSP/NRF24L01/nrf24l01.c:189:18:NRF24_GetMode	0	static
../Drivers/BSP/NRF24L01/nrf24l01.c:254:9:NRF24_isRecivData	0	static
../Drivers/BSP/NRF24L01/nrf24l01.c:259:9:NRF24_ReadData	12	static
../Drivers/BSP/NRF24L01/nrf24l01.c:461:9:NRF24_TransferByte	32	static
../Drivers/BSP/NRF24L01/nrf24l01.c:474:9:NRF24_WriteCMD	16	static
../Drivers/BSP/NRF24L01/nrf24l01.c:193:6:NRF24_Mode	16	static
../Drivers/BSP/NRF24L01/nrf24l01.c:484:9:NRF24_ReadCMD	16	static
../Drivers/BSP/NRF24L01/nrf24l01.c:165:9:NRF24_DisablePipeRX	16	static
../Drivers/BSP/NRF24L01/nrf24l01.c:385:6:NRF24_observeTX	16	static
../Drivers/BSP/NRF24L01/nrf24l01.c:494:9:NRF24_WriteLargeCMD	16	static
../Drivers/BSP/NRF24L01/nrf24l01.c:505:9:NRF24_ReadLargeCMD	16	static
../Drivers/BSP/NRF24L01/nrf24l01.c:109:9:NRF24_EnablePipeRX	48	static
../Drivers/BSP/NRF24L01/nrf24l01.c:516:9:NRF24_ReadStatus	16	static
../Drivers/BSP/NRF24L01/nrf24l01.c:401:6:NRF24_CheckDataRX	56	static
../Drivers/BSP/NRF24L01/nrf24l01.c:526:6:NRF24_WriteByte	16	static
../Drivers/BSP/NRF24L01/nrf24l01.c:68:9:NRF24_Config	8	static
../Drivers/BSP/NRF24L01/nrf24l01.c:33:9:NRF24_Init	8	static
../Drivers/BSP/NRF24L01/nrf24l01.c:276:9:NRF24_SendData	32	static
../Drivers/BSP/NRF24L01/nrf24l01.c:567:6:NRF24_IRQ_Callback	0	static
