../Drivers/BSP/HDMI/adv7533.c:334:6:adv7533_DeInit	0	static
../Drivers/BSP/HDMI/adv7533.c:441:10:adv7533_SetVolume	0	static
../Drivers/BSP/HDMI/adv7533.c:451:10:adv7533_Reset	0	static
../Drivers/BSP/HDMI/adv7533.c:660:13:I2Cx_Init.constprop	48	static
../Drivers/BSP/HDMI/adv7533.c:430:10:adv7533_SetOutputMode	0	static
../Drivers/BSP/HDMI/adv7533.c:521:6:HDMI_IO_Init	0	static
../Drivers/BSP/HDMI/adv7533.c:533:6:HDMI_IO_Write	32	static
../Drivers/BSP/HDMI/adv7533.c:120:9:ADV7533_Init	8	static
../Drivers/BSP/HDMI/adv7533.c:254:6:ADV7533_PatternEnable	8	static
../Drivers/BSP/HDMI/adv7533.c:269:6:ADV7533_PatternDisable	0	static
../Drivers/BSP/HDMI/adv7533.c:545:9:HDMI_IO_Read	32	static
../Drivers/BSP/HDMI/adv7533.c:135:6:ADV7533_PowerOn	8	static
../Drivers/BSP/HDMI/adv7533.c:150:6:ADV7533_PowerDown	8	static
../Drivers/BSP/HDMI/adv7533.c:166:6:ADV7533_Configure	8	static
../Drivers/BSP/HDMI/adv7533.c:345:10:adv7533_ReadID	16	static
../Drivers/BSP/HDMI/adv7533.c:404:10:adv7533_SetMute	16	static
../Drivers/BSP/HDMI/adv7533.c:361:10:adv7533_Pause	0	static
../Drivers/BSP/HDMI/adv7533.c:371:10:adv7533_Resume	0	static
../Drivers/BSP/HDMI/adv7533.c:382:10:adv7533_Play	0	static
../Drivers/BSP/HDMI/adv7533.c:392:10:adv7533_Stop	0	static
../Drivers/BSP/HDMI/adv7533.c:462:10:adv7533_SetFrequency	16	static
../Drivers/BSP/HDMI/adv7533.c:283:10:adv7533_AudioInit	16	static
../Drivers/BSP/HDMI/adv7533.c:559:6:HDMI_IO_Delay	0	static
