../Drivers/BSP/HDMI/stm32f769i_discovery_lcd.c:1673:13:LL_FillBuffer	40	static
../Drivers/BSP/HDMI/stm32f769i_discovery_lcd.c:500:6:BSP_LCD_Reset	40	static
../Drivers/BSP/HDMI/stm32f769i_discovery_lcd.c:530:10:BSP_LCD_GetXSize	0	static
../Drivers/BSP/HDMI/stm32f769i_discovery_lcd.c:539:10:BSP_LCD_GetYSize	0	static
../Drivers/BSP/HDMI/stm32f769i_discovery_lcd.c:549:6:BSP_LCD_SetXSize	0	static
../Drivers/BSP/HDMI/stm32f769i_discovery_lcd.c:558:6:BSP_LCD_SetYSize	0	static
../Drivers/BSP/HDMI/stm32f769i_discovery_lcd.c:570:6:BSP_LCD_LayerDefaultInit	64	static
../Drivers/BSP/HDMI/stm32f769i_discovery_lcd.c:603:6:BSP_LCD_SelectLayer	0	static
../Drivers/BSP/HDMI/stm32f769i_discovery_lcd.c:616:6:BSP_LCD_SetLayerVisible	0	static
../Drivers/BSP/HDMI/stm32f769i_discovery_lcd.c:636:6:BSP_LCD_SetTransparency	0	static
../Drivers/BSP/HDMI/stm32f769i_discovery_lcd.c:648:6:BSP_LCD_SetLayerAddress	0	static
../Drivers/BSP/HDMI/stm32f769i_discovery_lcd.c:663:6:BSP_LCD_SetLayerWindow	24	static
../Drivers/BSP/HDMI/stm32f769i_discovery_lcd.c:678:6:BSP_LCD_SetColorKeying	16	static
../Drivers/BSP/HDMI/stm32f769i_discovery_lcd.c:689:6:BSP_LCD_ResetColorKeying	0	static
../Drivers/BSP/HDMI/stm32f769i_discovery_lcd.c:699:6:BSP_LCD_SetTextColor	0	static
../Drivers/BSP/HDMI/stm32f769i_discovery_lcd.c:708:10:BSP_LCD_GetTextColor	0	static
../Drivers/BSP/HDMI/stm32f769i_discovery_lcd.c:717:6:BSP_LCD_SetBackColor	0	static
../Drivers/BSP/HDMI/stm32f769i_discovery_lcd.c:726:10:BSP_LCD_GetBackColor	0	static
../Drivers/BSP/HDMI/stm32f769i_discovery_lcd.c:735:6:BSP_LCD_SetFont	0	static
../Drivers/BSP/HDMI/stm32f769i_discovery_lcd.c:744:8:BSP_LCD_GetFont	0	static
../Drivers/BSP/HDMI/stm32f769i_discovery_lcd.c:755:10:BSP_LCD_ReadPixel	8	static
../Drivers/BSP/HDMI/stm32f769i_discovery_lcd.c:789:6:BSP_LCD_Clear	16	static
../Drivers/BSP/HDMI/stm32f769i_discovery_lcd.c:908:6:BSP_LCD_DrawHLine	24	static
../Drivers/BSP/HDMI/stm32f769i_discovery_lcd.c:925:6:BSP_LCD_DrawVLine	24	static
../Drivers/BSP/HDMI/stm32f769i_discovery_lcd.c:1017:6:BSP_LCD_DrawRect	24	static
../Drivers/BSP/HDMI/stm32f769i_discovery_lcd.c:1139:6:BSP_LCD_DrawBitmap	56	static
../Drivers/BSP/HDMI/stm32f769i_discovery_lcd.c:1196:6:BSP_LCD_FillRect	40	static
../Drivers/BSP/HDMI/stm32f769i_discovery_lcd.c:799:6:BSP_LCD_ClearStringLine	24	static
../Drivers/BSP/HDMI/stm32f769i_discovery_lcd.c:1330:6:BSP_LCD_FillEllipse	48	static
../Drivers/BSP/HDMI/stm32f769i_discovery_lcd.c:1360:6:BSP_LCD_DisplayOn	0	static
../Drivers/BSP/HDMI/stm32f769i_discovery_lcd.c:1376:6:BSP_LCD_DisplayOff	0	static
../Drivers/BSP/HDMI/stm32f769i_discovery_lcd.c:1393:6:BSP_LCD_SetBrightness	0	static
../Drivers/BSP/HDMI/stm32f769i_discovery_lcd.c:1412:6:DSI_IO_WriteCmd	16	static
../Drivers/BSP/HDMI/stm32f769i_discovery_lcd.c:1457:13:BSP_LCD_MspDeInit	8	static
../Drivers/BSP/HDMI/stm32f769i_discovery_lcd.c:1483:13:BSP_LCD_MspInit	24	static
../Drivers/BSP/HDMI/stm32f769i_discovery_lcd.c:319:9:BSP_LCD_HDMIInitEx	104	static
../Drivers/BSP/HDMI/stm32f769i_discovery_lcd.c:273:9:BSP_LCD_InitEx	8	static
../Drivers/BSP/HDMI/stm32f769i_discovery_lcd.c:258:9:BSP_LCD_Init	0	static
../Drivers/BSP/HDMI/stm32f769i_discovery_lcd.c:1525:6:BSP_LCD_DrawPixel	8	static
../Drivers/BSP/HDMI/stm32f769i_discovery_lcd.c:818:6:BSP_LCD_DisplayChar	56	static
../Drivers/BSP/HDMI/stm32f769i_discovery_lcd.c:835:6:BSP_LCD_DisplayStringAt	32	static
../Drivers/BSP/HDMI/stm32f769i_discovery_lcd.c:897:6:BSP_LCD_DisplayStringAtLine	16	static
../Drivers/BSP/HDMI/stm32f769i_discovery_lcd.c:943:6:BSP_LCD_DrawLine	56	static
../Drivers/BSP/HDMI/stm32f769i_discovery_lcd.c:1080:6:BSP_LCD_DrawPolygon	16	static
../Drivers/BSP/HDMI/stm32f769i_discovery_lcd.c:1596:13:FillTriangle	64	static
../Drivers/BSP/HDMI/stm32f769i_discovery_lcd.c:1263:6:BSP_LCD_FillPolygon	56	static
../Drivers/BSP/HDMI/stm32f769i_discovery_lcd.c:1034:6:BSP_LCD_DrawCircle	56	static
../Drivers/BSP/HDMI/stm32f769i_discovery_lcd.c:1216:6:BSP_LCD_FillCircle	56	static
../Drivers/BSP/HDMI/stm32f769i_discovery_lcd.c:1107:6:BSP_LCD_DrawEllipse	48	static
