Archive member included to satisfy reference by file (symbol)

C:/ST/STM32CubeIDE_1.17.0/STM32CubeIDE/plugins/com.st.stm32cube.ide.mcu.externaltools.gnu-tools-for-stm32.13.3.rel1.win32_1.0.0.202411081344/tools/bin/../lib/gcc/arm-none-eabi/13.3.1/../../../../arm-none-eabi/lib/thumb/v7e-m+dp/hard\libc_nano.a(libc_a-assert.o)
                              ./Application/app.o (__assert_func)
C:/ST/STM32CubeIDE_1.17.0/STM32CubeIDE/plugins/com.st.stm32cube.ide.mcu.externaltools.gnu-tools-for-stm32.13.3.rel1.win32_1.0.0.202411081344/tools/bin/../lib/gcc/arm-none-eabi/13.3.1/../../../../arm-none-eabi/lib/thumb/v7e-m+dp/hard\libc_nano.a(libc_a-exit.o)
                              C:/ST/STM32CubeIDE_1.17.0/STM32CubeIDE/plugins/com.st.stm32cube.ide.mcu.externaltools.gnu-tools-for-stm32.13.3.rel1.win32_1.0.0.202411081344/tools/bin/../lib/gcc/arm-none-eabi/13.3.1/../../../../arm-none-eabi/lib/thumb/v7e-m+dp/hard/crt0.o (exit)
C:/ST/STM32CubeIDE_1.17.0/STM32CubeIDE/plugins/com.st.stm32cube.ide.mcu.externaltools.gnu-tools-for-stm32.13.3.rel1.win32_1.0.0.202411081344/tools/bin/../lib/gcc/arm-none-eabi/13.3.1/../../../../arm-none-eabi/lib/thumb/v7e-m+dp/hard\libc_nano.a(libc_a-findfp.o)
                              C:/ST/STM32CubeIDE_1.17.0/STM32CubeIDE/plugins/com.st.stm32cube.ide.mcu.externaltools.gnu-tools-for-stm32.13.3.rel1.win32_1.0.0.202411081344/tools/bin/../lib/gcc/arm-none-eabi/13.3.1/../../../../arm-none-eabi/lib/thumb/v7e-m+dp/hard\libc_nano.a(libc_a-exit.o) (__stdio_exit_handler)
C:/ST/STM32CubeIDE_1.17.0/STM32CubeIDE/plugins/com.st.stm32cube.ide.mcu.externaltools.gnu-tools-for-stm32.13.3.rel1.win32_1.0.0.202411081344/tools/bin/../lib/gcc/arm-none-eabi/13.3.1/../../../../arm-none-eabi/lib/thumb/v7e-m+dp/hard\libc_nano.a(libc_a-fprintf.o)
                              C:/ST/STM32CubeIDE_1.17.0/STM32CubeIDE/plugins/com.st.stm32cube.ide.mcu.externaltools.gnu-tools-for-stm32.13.3.rel1.win32_1.0.0.202411081344/tools/bin/../lib/gcc/arm-none-eabi/13.3.1/../../../../arm-none-eabi/lib/thumb/v7e-m+dp/hard\libc_nano.a(libc_a-assert.o) (fiprintf)
C:/ST/STM32CubeIDE_1.17.0/STM32CubeIDE/plugins/com.st.stm32cube.ide.mcu.externaltools.gnu-tools-for-stm32.13.3.rel1.win32_1.0.0.202411081344/tools/bin/../lib/gcc/arm-none-eabi/13.3.1/../../../../arm-none-eabi/lib/thumb/v7e-m+dp/hard\libc_nano.a(libc_a-fwalk.o)
                              C:/ST/STM32CubeIDE_1.17.0/STM32CubeIDE/plugins/com.st.stm32cube.ide.mcu.externaltools.gnu-tools-for-stm32.13.3.rel1.win32_1.0.0.202411081344/tools/bin/../lib/gcc/arm-none-eabi/13.3.1/../../../../arm-none-eabi/lib/thumb/v7e-m+dp/hard\libc_nano.a(libc_a-findfp.o) (_fwalk_sglue)
C:/ST/STM32CubeIDE_1.17.0/STM32CubeIDE/plugins/com.st.stm32cube.ide.mcu.externaltools.gnu-tools-for-stm32.13.3.rel1.win32_1.0.0.202411081344/tools/bin/../lib/gcc/arm-none-eabi/13.3.1/../../../../arm-none-eabi/lib/thumb/v7e-m+dp/hard\libc_nano.a(libc_a-printf.o)
                              ./Application/app.o (printf)
C:/ST/STM32CubeIDE_1.17.0/STM32CubeIDE/plugins/com.st.stm32cube.ide.mcu.externaltools.gnu-tools-for-stm32.13.3.rel1.win32_1.0.0.202411081344/tools/bin/../lib/gcc/arm-none-eabi/13.3.1/../../../../arm-none-eabi/lib/thumb/v7e-m+dp/hard\libc_nano.a(libc_a-setvbuf.o)
                              ./Drivers/BSP/Debug/uart_debug.o (setvbuf)
C:/ST/STM32CubeIDE_1.17.0/STM32CubeIDE/plugins/com.st.stm32cube.ide.mcu.externaltools.gnu-tools-for-stm32.13.3.rel1.win32_1.0.0.202411081344/tools/bin/../lib/gcc/arm-none-eabi/13.3.1/../../../../arm-none-eabi/lib/thumb/v7e-m+dp/hard\libc_nano.a(libc_a-sprintf.o)
                              ./Application/app.o (sprintf)
C:/ST/STM32CubeIDE_1.17.0/STM32CubeIDE/plugins/com.st.stm32cube.ide.mcu.externaltools.gnu-tools-for-stm32.13.3.rel1.win32_1.0.0.202411081344/tools/bin/../lib/gcc/arm-none-eabi/13.3.1/../../../../arm-none-eabi/lib/thumb/v7e-m+dp/hard\libc_nano.a(libc_a-stdio.o)
                              C:/ST/STM32CubeIDE_1.17.0/STM32CubeIDE/plugins/com.st.stm32cube.ide.mcu.externaltools.gnu-tools-for-stm32.13.3.rel1.win32_1.0.0.202411081344/tools/bin/../lib/gcc/arm-none-eabi/13.3.1/../../../../arm-none-eabi/lib/thumb/v7e-m+dp/hard\libc_nano.a(libc_a-findfp.o) (__sread)
C:/ST/STM32CubeIDE_1.17.0/STM32CubeIDE/plugins/com.st.stm32cube.ide.mcu.externaltools.gnu-tools-for-stm32.13.3.rel1.win32_1.0.0.202411081344/tools/bin/../lib/gcc/arm-none-eabi/13.3.1/../../../../arm-none-eabi/lib/thumb/v7e-m+dp/hard\libc_nano.a(libc_a-memcmp.o)
                              ./Drivers/BSP/NRF24L01/nrf24l01.o (memcmp)
C:/ST/STM32CubeIDE_1.17.0/STM32CubeIDE/plugins/com.st.stm32cube.ide.mcu.externaltools.gnu-tools-for-stm32.13.3.rel1.win32_1.0.0.202411081344/tools/bin/../lib/gcc/arm-none-eabi/13.3.1/../../../../arm-none-eabi/lib/thumb/v7e-m+dp/hard\libc_nano.a(libc_a-memset.o)
[...]
Memory Configuration

Name             Origin             Length             Attributes
RAM              0x20000000         0x00080000         xrw
FLASH            0x08000000         0x00200000         xr
*default*        0x00000000         0xffffffff

Linker script and memory map

LOAD C:/ST/STM32CubeIDE_1.17.0/STM32CubeIDE/plugins/com.st.stm32cube.ide.mcu.externaltools.gnu-tools-for-stm32.13.3.rel1.win32_1.0.0.202411081344/tools/bin/../lib/gcc/arm-none-eabi/13.3.1/thumb/v7e-m+dp/hard/crti.o
LOAD C:/ST/STM32CubeIDE_1.17.0/STM32CubeIDE/plugins/com.st.stm32cube.ide.mcu.externaltools.gnu-tools-for-stm32.13.3.rel1.win32_1.0.0.202411081344/tools/bin/../lib/gcc/arm-none-eabi/13.3.1/thumb/v7e-m+dp/hard/crtbegin.o
LOAD C:/ST/STM32CubeIDE_1.17.0/STM32CubeIDE/plugins/com.st.stm32cube.ide.mcu.externaltools.gnu-tools-for-stm32.13.3.rel1.win32_1.0.0.202411081344/tools/bin/../lib/gcc/arm-none-eabi/13.3.1/../../../../arm-none-eabi/lib/thumb/v7e-m+dp/hard/crt0.o
LOAD ./Application/app.o
LOAD ./Application/stringcmd.o
LOAD ./Core/Src/main.o
LOAD ./Core/Src/stm32f7xx_hal_msp.o
LOAD ./Core/Src/stm32f7xx_hal_timebase_tim.o
LOAD ./Core/Src/stm32f7xx_it.o
LOAD ./Core/Src/syscalls.o
LOAD ./Core/Src/sysmem.o
LOAD ./Core/Src/system_stm32f7xx.o
LOAD ./Core/Startup/startup_stm32f769nihx.o
LOAD ./Drivers/BSP/Debug/uart_debug.o
LOAD ./Drivers/BSP/Discovery/led.o
LOAD ./Drivers/BSP/Discovery/pushbutton.o
LOAD ./Drivers/BSP/HDMI/Fonts/font12.o
LOAD ./Drivers/BSP/HDMI/Fonts/font16.o
LOAD ./Drivers/BSP/HDMI/Fonts/font20.o
LOAD ./Drivers/BSP/HDMI/Fonts/font24.o
LOAD ./Drivers/BSP/HDMI/Fonts/font8.o
LOAD ./Drivers/BSP/HDMI/adv7533.o
LOAD ./Drivers/BSP/HDMI/stm32f769i_discovery_lcd.o
LOAD ./Drivers/BSP/HDMI/stm32f769i_discovery_sdram.o
LOAD ./Drivers/BSP/NRF24L01/nrf24l01.o
LOAD ./Drivers/STM32F7xx_HAL_Driver/Src/stm32f7xx_hal.o
LOAD ./Drivers/STM32F7xx_HAL_Driver/Src/stm32f7xx_hal_cortex.o
LOAD ./Drivers/STM32F7xx_HAL_Driver/Src/stm32f7xx_hal_dma.o
LOAD ./Drivers/STM32F7xx_HAL_Driver/Src/stm32f7xx_hal_dma2d.o
LOAD ./Drivers/STM32F7xx_HAL_Driver/Src/stm32f7xx_hal_dma_ex.o
LOAD ./Drivers/STM32F7xx_HAL_Driver/Src/stm32f7xx_hal_dsi.o
LOAD ./Drivers/STM32F7xx_HAL_Driver/Src/stm32f7xx_hal_exti.o
LOAD ./Drivers/STM32F7xx_HAL_Driver/Src/stm32f7xx_hal_flash.o
LOAD ./Drivers/STM32F7xx_HAL_Driver/Src/stm32f7xx_hal_flash_ex.o
LOAD ./Drivers/STM32F7xx_HAL_Driver/Src/stm32f7xx_hal_gpio.o
LOAD ./Drivers/STM32F7xx_HAL_Driver/Src/stm32f7xx_hal_i2c.o
LOAD ./Drivers/STM32F7xx_HAL_Driver/Src/stm32f7xx_hal_i2c_ex.o
LOAD ./Drivers/STM32F7xx_HAL_Driver/Src/stm32f7xx_hal_ltdc.o
LOAD ./Drivers/STM32F7xx_HAL_Driver/Src/stm32f7xx_hal_ltdc_ex.o
LOAD ./Drivers/STM32F7xx_HAL_Driver/Src/stm32f7xx_hal_nand.o
LOAD ./Drivers/STM32F7xx_HAL_Driver/Src/stm32f7xx_hal_nor.o
LOAD ./Drivers/STM32F7xx_HAL_Driver/Src/stm32f7xx_hal_pwr.o
LOAD ./Drivers/STM32F7xx_HAL_Driver/Src/stm32f7xx_hal_pwr_ex.o
LOAD ./Drivers/STM32F7xx_HAL_Driver/Src/stm32f7xx_hal_rcc.o
LOAD ./Drivers/STM32F7xx_HAL_Driver/Src/stm32f7xx_hal_rcc_ex.o
LOAD ./Drivers/STM32F7xx_HAL_Driver/Src/stm32f7xx_hal_rng.o
LOAD ./Drivers/STM32F7xx_HAL_Driver/Src/stm32f7xx_hal_sdram.o
LOAD ./Drivers/STM32F7xx_HAL_Driver/Src/stm32f7xx_hal_spi.o
LOAD ./Drivers/STM32F7xx_HAL_Driver/Src/stm32f7xx_hal_spi_ex.o
LOAD ./Drivers/STM32F7xx_HAL_Driver/Src/stm32f7xx_hal_sram.o
LOAD ./Drivers/STM32F7xx_HAL_Driver/Src/stm32f7xx_hal_tim.o
LOAD ./Drivers/STM32F7xx_HAL_Driver/Src/stm32f7xx_hal_tim_ex.o
LOAD ./Drivers/STM32F7xx_HAL_Driver/Src/stm32f7xx_hal_uart.o
LOAD ./Drivers/STM32F7xx_HAL_Driver/Src/stm32f7xx_hal_uart_ex.o
LOAD ./Drivers/STM32F7xx_HAL_Driver/Src/stm32f7xx_ll_fmc.o
START GROUP
LOAD C:/ST/STM32CubeIDE_1.17.0/STM32CubeIDE/plugins/com.st.stm32cube.ide.mcu.externaltools.gnu-tools-for-stm32.13.3.rel1.win32_1.0.0.202411081344/tools/bin/../lib/gcc/arm-none-eabi/13.3.1/../../../../arm-none-eabi/lib/thumb/v7e-m+dp/hard\libc_nano.a
LOAD C:/ST/STM32CubeIDE_1.17.0/STM32CubeIDE/plugins/com.st.stm32cube.ide.mcu.externaltools.gnu-tools-for-stm32.13.3.rel1.win32_1.0.0.202411081344/tools/bin/../lib/gcc/arm-none-eabi/13.3.1/../../../../arm-none-eabi/lib/thumb/v7e-m+dp/hard\libm.a
END GROUP
START GROUP
LOAD C:/ST/STM32CubeIDE_1.17.0/STM32CubeIDE/plugins/com.st.stm32cube.ide.mcu.externaltools.gnu-tools-for-stm32.13.3.rel1.win32_1.0.0.202411081344/tools/bin/../lib/gcc/arm-none-eabi/13.3.1/thumb/v7e-m+dp/hard\libgcc.a
LOAD C:/ST/STM32CubeIDE_1.17.0/STM32CubeIDE/plugins/com.st.stm32cube.ide.mcu.externaltools.gnu-tools-for-stm32.13.3.rel1.win32_1.0.0.202411081344/tools/bin/../lib/gcc/arm-none-eabi/13.3.1/../../../../arm-none-eabi/lib/thumb/v7e-m+dp/hard\libc_nano.a
END GROUP
START GROUP
LOAD C:/ST/STM32CubeIDE_1.17.0/STM32CubeIDE/plugins/com.st.stm32cube.ide.mcu.externaltools.gnu-tools-for-stm32.13.3.rel1.win32_1.0.0.202411081344/tools/bin/../lib/gcc/arm-none-eabi/13.3.1/thumb/v7e-m+dp/hard\libgcc.a
LOAD C:/ST/STM32CubeIDE_1.17.0/STM32CubeIDE/plugins/com.st.stm32cube.ide.mcu.externaltools.gnu-tools-for-stm32.13.3.rel1.win32_1.0.0.202411081344/tools/bin/../lib/gcc/arm-none-eabi/13.3.1/../../../../arm-none-eabi/lib/thumb/v7e-m+dp/hard\libc_nano.a
LOAD C:/ST/STM32CubeIDE_1.17.0/STM32CubeIDE/plugins/com.st.stm32cube.ide.mcu.externaltools.gnu-tools-for-stm32.13.3.rel1.win32_1.0.0.202411081344/tools/bin/../lib/gcc/arm-none-eabi/13.3.1/../../../../arm-none-eabi/lib/thumb/v7e-m+dp/hard\libnosys.a
END GROUP
START GROUP
LOAD C:/ST/STM32CubeIDE_1.17.0/STM32CubeIDE/plugins/com.st.stm32cube.ide.mcu.externaltools.gnu-tools-for-stm32.13.3.rel1.win32_1.0.0.202411081344/tools/bin/../lib/gcc/arm-none-eabi/13.3.1/thumb/v7e-m+dp/hard\libgcc.a
LOAD C:/ST/STM32CubeIDE_1.17.0/STM32CubeIDE/plugins/com.st.stm32cube.ide.mcu.externaltools.gnu-tools-for-stm32.13.3.rel1.win32_1.0.0.202411081344/tools/bin/../lib/gcc/arm-none-eabi/13.3.1/../../../../arm-none-eabi/lib/thumb/v7e-m+dp/hard\libc_nano.a
LOAD C:/ST/STM32CubeIDE_1.17.0/STM32CubeIDE/plugins/com.st.stm32cube.ide.mcu.externaltools.gnu-tools-for-stm32.13.3.rel1.win32_1.0.0.202411081344/tools/bin/../lib/gcc/arm-none-eabi/13.3.1/../../../../arm-none-eabi/lib/thumb/v7e-m+dp/hard\libnosys.a
END GROUP
LOAD C:/ST/STM32CubeIDE_1.17.0/STM32CubeIDE/plugins/com.st.stm32cube.ide.mcu.externaltools.gnu-tools-for-stm32.13.3.rel1.win32_1.0.0.202411081344/tools/bin/../lib/gcc/arm-none-eabi/13.3.1/thumb/v7e-m+dp/hard/crtend.o
LOAD C:/ST/STM32CubeIDE_1.17.0/STM32CubeIDE/plugins/com.st.stm32cube.ide.mcu.externaltools.gnu-tools-for-stm32.13.3.rel1.win32_1.0.0.202411081344/tools/bin/../lib/gcc/arm-none-eabi/13.3.1/thumb/v7e-m+dp/hard/crtn.o
                0x20080000                        _estack = (ORIGIN (RAM) + LENGTH (RAM))
                0x00000200                        _Min_Heap_Size = 0x200
                0x00000400                        _Min_Stack_Size = 0x400

.isr_vector     0x08000000      0x1f8
                0x08000000                        . = ALIGN (0x4)
 *(.isr_vector)
 .isr_vector    0x08000000      0x1f8 ./Core/Startup/startup_stm32f769nihx.o
                0x08000000                g_pfnVectors
                0x080001f8                        . = ALIGN (0x4)

.text           0x08000200     0xb1cc
                0x08000200                        . = ALIGN (0x4)
 *(.text)
 .text          0x08000200       0x40 C:/ST/STM32CubeIDE_1.17.0/STM32CubeIDE/plugins/com.st.stm32cube.ide.mcu.externaltools.gnu-tools-for-stm32.13.3.rel1.win32_1.0.0.202411081344/tools/bin/../lib/gcc/arm-none-eabi/13.3.1/thumb/v7e-m+dp/hard/crtbegin.o
 .text          0x08000240       0x14 C:/ST/STM32CubeIDE_1.17.0/STM32CubeIDE/plugins/com.st.stm32cube.ide.mcu.externaltools.gnu-tools-for-stm32.13.3.rel1.win32_1.0.0.202411081344/tools/bin/../lib/gcc/arm-none-eabi/13.3.1/../../../../arm-none-eabi/lib/thumb/v7e-m+dp/hard\libc_nano.a(libc_a-strcmp.o)
                0x08000240                strcmp
 .text          0x08000254       0x10 C:/ST/STM32CubeIDE_1.17.0/STM32CubeIDE/plugins/com.st.stm32cube.ide.mcu.externaltools.gnu-tools-for-stm32.13.3.rel1.win32_1.0.0.202411081344/tools/bin/../lib/gcc/arm-none-eabi/13.3.1/../../../../arm-none-eabi/lib/thumb/v7e-m+dp/hard\libc_nano.a(libc_a-strlen.o)
                0x08000254                strlen
 *fill*         0x08000264        0xc 
 .text          0x08000270       0xa0 C:/ST/STM32CubeIDE_1.17.0/STM32CubeIDE/plugins/com.st.stm32cube.ide.mcu.externaltools.gnu-tools-for-stm32.13.3.rel1.win32_1.0.0.202411081344/tools/bin/../lib/gcc/arm-none-eabi/13.3.1/../../../../arm-none-eabi/lib/thumb/v7e-m+dp/hard\libc_nano.a(libc_a-memchr.o)
                0x08000270                memchr
 .text          0x08000310       0x30 C:/ST/STM32CubeIDE_1.17.0/STM32CubeIDE/plugins/com.st.stm32cube.ide.mcu.externaltools.gnu-tools-for-stm32.13.3.rel1.win32_1.0.0.202411081344/tools/bin/../lib/gcc/arm-none-eabi/13.3.1/thumb/v7e-m+dp/hard\libgcc.a(_aeabi_uldivmod.o)
                0x08000310                __aeabi_uldivmod
 .text          0x08000340      0x2f8 C:/ST/STM32CubeIDE_1.17.0/STM32CubeIDE/plugins/com.st.stm32cube.ide.mcu.externaltools.gnu-tools-for-stm32.13.3.rel1.win32_1.0.0.202411081344/tools/bin/../lib/gcc/arm-none-eabi/13.3.1/thumb/v7e-m+dp/hard\libgcc.a(_udivmoddi4.o)
                0x08000340                __udivmoddi4
 .text          0x08000638        0x4 C:/ST/STM32CubeIDE_1.17.0/STM32CubeIDE/plugins/com.st.stm32cube.ide.mcu.externaltools.gnu-tools-for-stm32.13.3.rel1.win32_1.0.0.202411081344/tools/bin/../lib/gcc/arm-none-eabi/13.3.1/thumb/v7e-m+dp/hard\libgcc.a(_dvmd_tls.o)
                0x08000638                __aeabi_idiv0
                0x08000638                __aeabi_ldiv0
 *(.text*)
 .text.gb_rom_read
                0x0800063c        0xe ./Application/app.o
                0x0800063c                gb_rom_read
 .text.gb_cart_ram_read
                0x0800064a        0xe ./Application/app.o
                0x0800064a                gb_cart_ram_read
 .text.gb_cart_ram_write
                0x08000658        0xe ./Application/app.o
                0x08000658                gb_cart_ram_write
 *fill*         0x08000666        0x2 
 .text.lcd_draw_line
                0x08000668       0xac ./Application/app.o
                0x08000668                lcd_draw_line
 .text.gb_error
                0x08000714       0x1c ./Application/app.o
                0x08000714                gb_error
 .text.setupframebuffer.constprop.0
                0x08000730       0x28 ./Application/app.o
 .text.__gb_read
                0x08000758      0x110 ./Application/app.o
                0x08000758                __gb_read
 .text.__gb_write
                0x08000868      0x454 ./Application/app.o
                0x08000868                __gb_write
 .text.__gb_execute_cb
                0x08000cbc      0x1ee ./Application/app.o
                0x08000cbc                __gb_execute_cb
 .text.__gb_draw_line
                0x08000eaa      0x3e0 ./Application/app.o
                0x08000eaa                __gb_draw_line
 *fill*         0x0800128a        0x2 
 .text.__gb_step_cpu
                0x0800128c     0x2ac4 ./Application/app.o
                0x0800128c                __gb_step_cpu
 .text.gb_run_frame
                0x08003d50       0x1c ./Application/app.o
                0x08003d50                gb_run_frame
 .text.gb_reset
                0x08003d6c      0x10c ./Application/app.o
                0x08003d6c                gb_reset
 .text.gb_init  0x08003e78      0x154 ./Application/app.o
                0x08003e78                gb_init
 .text.gb_init_lcd
                0x08003fcc       0x28 ./Application/app.o
                0x08003fcc                gb_init_lcd
 .text.APP_Init
                0x08003ff4       0x74 ./Application/app.o
                0x08003ff4                APP_Init
 .text.APP_Task
                0x08004068      0x18c ./Application/app.o
                0x08004068                APP_Task
 .text.mainInit
                0x080041f4       0xbc ./Application/app.o
                0x080041f4                mainInit
 .text.screen_flip_buffers
                0x080042b0       0x3c ./Application/app.o
                0x080042b0                screen_flip_buffers
 .text.mainTask
                0x080042ec      0x214 ./Application/app.o
                0x080042ec                mainTask
 .text.HAL_TIM_PeriodElapsedCallback
                0x08004500       0x70 ./Application/app.o
                0x08004500                HAL_TIM_PeriodElapsedCallback
 .text.SystemClock_Config
                0x08004570       0xb4 ./Core/Src/main.o
                0x08004570                SystemClock_Config
 .text.startup.main
                0x08004624      0x450 ./Core/Src/main.o
                0x08004624                main
 .text.Error_Handler
                0x08004a74        0x4 ./Core/Src/main.o
                0x08004a74                Error_Handler
 .text.HAL_MspInit
                0x08004a78       0x30 ./Core/Src/stm32f7xx_hal_msp.o
                0x08004a78                HAL_MspInit
 .text.HAL_DMA2D_MspInit
                0x08004aa8       0x28 ./Core/Src/stm32f7xx_hal_msp.o
                0x08004aa8                HAL_DMA2D_MspInit
 .text.HAL_DSI_MspInit
                0x08004ad0       0x60 ./Core/Src/stm32f7xx_hal_msp.o
                0x08004ad0                HAL_DSI_MspInit
 .text.HAL_DSI_MspDeInit
                0x08004b30       0x28 ./Core/Src/stm32f7xx_hal_msp.o
                0x08004b30                HAL_DSI_MspDeInit
 .text.HAL_LTDC_MspInit
                0x08004b58       0x5c ./Core/Src/stm32f7xx_hal_msp.o
                0x08004b58                HAL_LTDC_MspInit
 .text.HAL_LTDC_MspDeInit
                0x08004bb4       0x1c ./Core/Src/stm32f7xx_hal_msp.o
                0x08004bb4                HAL_LTDC_MspDeInit
 .text.HAL_RNG_MspInit
                0x08004bd0       0x4c ./Core/Src/stm32f7xx_hal_msp.o
                0x08004bd0                HAL_RNG_MspInit
 .text.HAL_SPI_MspInit
                0x08004c1c       0x68 ./Core/Src/stm32f7xx_hal_msp.o
                0x08004c1c                HAL_SPI_MspInit
 .text.HAL_SPI_MspDeInit
                0x08004c84       0x2c ./Core/Src/stm32f7xx_hal_msp.o
                0x08004c84                HAL_SPI_MspDeInit
 .text.HAL_UART_MspInit
                0x08004cb0       0x98 ./Core/Src/stm32f7xx_hal_msp.o
                0x08004cb0                HAL_UART_MspInit
 .text.HAL_SDRAM_MspInit
                0x08004d48       0xd4 ./Core/Src/stm32f7xx_hal_msp.o
                0x08004d48                HAL_SDRAM_MspInit
 .text.HAL_InitTick
                0x08004e1c       0x9c ./Core/Src/stm32f7xx_hal_timebase_tim.o
                0x08004e1c                HAL_InitTick
 .text.NMI_Handler
                0x08004eb8        0x8 ./Core/Src/stm32f7xx_it.o
                0x08004eb8                NMI_Handler
 .text.HardFault_Handler
                0x08004ec0        0x2 ./Core/Src/stm32f7xx_it.o
                0x08004ec0                HardFault_Handler
 .text.MemManage_Handler
                0x08004ec2        0x2 ./Core/Src/stm32f7xx_it.o
                0x08004ec2                MemManage_Handler
 .text.BusFault_Handler
                0x08004ec4        0x2 ./Core/Src/stm32f7xx_it.o
                0x08004ec4                BusFault_Handler
 .text.UsageFault_Handler
                0x08004ec6        0x2 ./Core/Src/stm32f7xx_it.o
                0x08004ec6                UsageFault_Handler
 .text.SVC_Handler
                0x08004ec8        0x2 ./Core/Src/stm32f7xx_it.o
                0x08004ec8                SVC_Handler
 .text.DebugMon_Handler
                0x08004eca        0x2 ./Core/Src/stm32f7xx_it.o
                0x08004eca                DebugMon_Handler
 .text.PendSV_Handler
                0x08004ecc        0x2 ./Core/Src/stm32f7xx_it.o
                0x08004ecc                PendSV_Handler
 .text.SysTick_Handler
                0x08004ece        0x2 ./Core/Src/stm32f7xx_it.o
                0x08004ece                SysTick_Handler
 .text.USART1_IRQHandler
                0x08004ed0       0x14 ./Core/Src/stm32f7xx_it.o
                0x08004ed0                USART1_IRQHandler
 .text.TIM6_DAC_IRQHandler
                0x08004ee4        0xc ./Core/Src/stm32f7xx_it.o
                0x08004ee4                TIM6_DAC_IRQHandler
 .text.LTDC_IRQHandler
                0x08004ef0        0xc ./Core/Src/stm32f7xx_it.o
                0x08004ef0                LTDC_IRQHandler
 .text._getpid  0x08004efc        0x4 ./Core/Src/syscalls.o
                0x08004efc                _getpid
 .text._kill    0x08004f00       0x10 ./Core/Src/syscalls.o
                0x08004f00                _kill
 .text._exit    0x08004f10        0xc ./Core/Src/syscalls.o
                0x08004f10                _exit
 .text._read    0x08004f1c       0x1c ./Core/Src/syscalls.o
                0x08004f1c                _read
 .text._write   0x08004f38       0x1c ./Core/Src/syscalls.o
                0x08004f38                _write
 .text._close   0x08004f54        0x6 ./Core/Src/syscalls.o
                0x08004f54                _close
 .text._fstat   0x08004f5a        0xa ./Core/Src/syscalls.o
                0x08004f5a                _fstat
 .text._isatty  0x08004f64        0x4 ./Core/Src/syscalls.o
                0x08004f64                _isatty
 .text._lseek   0x08004f68        0x4 ./Core/Src/syscalls.o
                0x08004f68                _lseek
 .text._sbrk    0x08004f6c       0x40 ./Core/Src/sysmem.o
                0x08004f6c                _sbrk
 .text.SystemInit
                0x08004fac       0x14 ./Core/Src/system_stm32f7xx.o
                0x08004fac                SystemInit
 .text.Reset_Handler
                0x08004fc0       0x50 ./Core/Startup/startup_stm32f769nihx.o
                0x08004fc0                Reset_Handler
 .text.Default_Handler
                0x08005010        0x2 ./Core/Startup/startup_stm32f769nihx.o
                0x08005010                RTC_Alarm_IRQHandler
                0x08005010                EXTI2_IRQHandler
                0x08005010                TIM8_CC_IRQHandler
                0x08005010                UART8_IRQHandler
                0x08005010                SPI4_IRQHandler
                0x08005010                TIM1_CC_IRQHandler
                0x08005010                DMA2_Stream5_IRQHandler
                0x08005010                JPEG_IRQHandler
                0x08005010                DMA1_Stream5_IRQHandler
                0x08005010                CAN3_RX1_IRQHandler
                0x08005010                PVD_IRQHandler
                0x08005010                TAMP_STAMP_IRQHandler
                0x08005010                CAN2_RX1_IRQHandler
                0x08005010                EXTI3_IRQHandler
                0x08005010                TIM8_TRG_COM_TIM14_IRQHandler
                0x08005010                DFSDM1_FLT1_IRQHandler
                0x08005010                TIM1_UP_TIM10_IRQHandler
                0x08005010                TIM8_UP_TIM13_IRQHandler
                0x08005010                I2C3_ER_IRQHandler
                0x08005010                DFSDM1_FLT2_IRQHandler
                0x08005010                EXTI0_IRQHandler
                0x08005010                I2C2_EV_IRQHandler
                0x08005010                DMA1_Stream2_IRQHandler
                0x08005010                CAN1_RX0_IRQHandler
                0x08005010                FPU_IRQHandler
                0x08005010                OTG_HS_WKUP_IRQHandler
                0x08005010                CAN3_SCE_IRQHandler
                0x08005010                LTDC_ER_IRQHandler
                0x08005010                CAN2_SCE_IRQHandler
                0x08005010                DMA2_Stream2_IRQHandler
                0x08005010                SPI1_IRQHandler
                0x08005010                TIM1_BRK_TIM9_IRQHandler
                0x08005010                DCMI_IRQHandler
                0x08005010                CAN2_RX0_IRQHandler
                0x08005010                DMA2_Stream3_IRQHandler
                0x08005010                SAI2_IRQHandler
                0x08005010                DFSDM1_FLT3_IRQHandler
                0x08005010                USART6_IRQHandler
                0x08005010                CAN3_RX0_IRQHandler
                0x08005010                USART3_IRQHandler
                0x08005010                CAN1_RX1_IRQHandler
                0x08005010                UART5_IRQHandler
                0x08005010                DMA2_Stream0_IRQHandler
                0x08005010                TIM4_IRQHandler
                0x08005010                QUADSPI_IRQHandler
                0x08005010                I2C1_EV_IRQHandler
                0x08005010                DMA1_Stream6_IRQHandler
                0x08005010                DMA1_Stream1_IRQHandler
                0x08005010                UART4_IRQHandler
                0x08005010                TIM3_IRQHandler
                0x08005010                RCC_IRQHandler
                0x08005010                TIM8_BRK_TIM12_IRQHandler
                0x08005010                Default_Handler
                0x08005010                CEC_IRQHandler
                0x08005010                EXTI15_10_IRQHandler
                0x08005010                ADC_IRQHandler
                0x08005010                DMA1_Stream7_IRQHandler
                0x08005010                SPI5_IRQHandler
                0x08005010                TIM7_IRQHandler
                0x08005010                SDMMC1_IRQHandler
                0x08005010                CAN2_TX_IRQHandler
                0x08005010                TIM5_IRQHandler
                0x08005010                DMA2_Stream7_IRQHandler
                0x08005010                I2C3_EV_IRQHandler
                0x08005010                EXTI9_5_IRQHandler
                0x08005010                RTC_WKUP_IRQHandler
                0x08005010                ETH_WKUP_IRQHandler
                0x08005010                SPDIF_RX_IRQHandler
                0x08005010                SPI2_IRQHandler
                0x08005010                OTG_HS_EP1_IN_IRQHandler
                0x08005010                DMA1_Stream0_IRQHandler
                0x08005010                CAN1_TX_IRQHandler
                0x08005010                EXTI4_IRQHandler
                0x08005010                RNG_IRQHandler
                0x08005010                DSI_IRQHandler
                0x08005010                ETH_IRQHandler
                0x08005010                OTG_HS_EP1_OUT_IRQHandler
                0x08005010                WWDG_IRQHandler
                0x08005010                SPI6_IRQHandler
                0x08005010                MDIOS_IRQHandler
                0x08005010                I2C4_EV_IRQHandler
                0x08005010                CAN3_TX_IRQHandler
                0x08005010                TIM2_IRQHandler
                0x08005010                OTG_FS_WKUP_IRQHandler
                0x08005010                TIM1_TRG_COM_TIM11_IRQHandler
                0x08005010                OTG_HS_IRQHandler
                0x08005010                DMA2D_IRQHandler
                0x08005010                EXTI1_IRQHandler
                0x08005010                SDMMC2_IRQHandler
                0x08005010                UART7_IRQHandler
                0x08005010                USART2_IRQHandler
                0x08005010                DFSDM1_FLT0_IRQHandler
                0x08005010                I2C2_ER_IRQHandler
                0x08005010                DMA2_Stream1_IRQHandler
                0x08005010                CAN1_SCE_IRQHandler
                0x08005010                FLASH_IRQHandler
                0x08005010                DMA2_Stream4_IRQHandler
                0x08005010                OTG_FS_IRQHandler
                0x08005010                SPI3_IRQHandler
                0x08005010                DMA1_Stream4_IRQHandler
                0x08005010                I2C1_ER_IRQHandler
                0x08005010                FMC_IRQHandler
                0x08005010                LPTIM1_IRQHandler
                0x08005010                I2C4_ER_IRQHandler
                0x08005010                DMA2_Stream6_IRQHandler
                0x08005010                SAI1_IRQHandler
                0x08005010                DMA1_Stream3_IRQHandler
 *fill*         0x08005012        0x2 
 .text.UART_Init
                0x08005014       0x2c ./Drivers/BSP/Debug/uart_debug.o
                0x08005014                UART_Init
 .text.UART_task
                0x08005040       0x58 ./Drivers/BSP/Debug/uart_debug.o
                0x08005040                UART_task
 .text.UART_isDataRecived
                0x08005098        0xc ./Drivers/BSP/Debug/uart_debug.o
                0x08005098                UART_isDataRecived
 .text.UART_Put
                0x080050a4       0x28 ./Drivers/BSP/Debug/uart_debug.o
                0x080050a4                UART_Put
 .text.__io_putchar
                0x080050cc        0xe ./Drivers/BSP/Debug/uart_debug.o
                0x080050cc                __io_putchar
 *fill*         0x080050da        0x2 
 .text.BSP_LED_Init
                0x080050dc       0x78 ./Drivers/BSP/Discovery/led.o
                0x080050dc                BSP_LED_Init
 .text.BSP_LED_On
                0x08005154       0x1c ./Drivers/BSP/Discovery/led.o
                0x08005154                BSP_LED_On
 .text.BSP_LED_Off
                0x08005170       0x1c ./Drivers/BSP/Discovery/led.o
                0x08005170                BSP_LED_Off
 .text.BSP_LED_Toggle
                0x0800518c       0x18 ./Drivers/BSP/Discovery/led.o
                0x0800518c                BSP_LED_Toggle
 .text.BSP_LED_Init_All
                0x080051a4       0x1e ./Drivers/BSP/Discovery/led.o
                0x080051a4                BSP_LED_Init_All
 *fill*         0x080051c2        0x2 
 .text.BSP_PB_Init
                0x080051c4       0x7c ./Drivers/BSP/Discovery/pushbutton.o
                0x080051c4                BSP_PB_Init
 .text.adv7533_DeInit
                0x08005240        0x2 ./Drivers/BSP/HDMI/adv7533.o
                0x08005240                adv7533_DeInit
 .text.adv7533_SetVolume
                0x08005242        0x4 ./Drivers/BSP/HDMI/adv7533.o
                0x08005242                adv7533_SetVolume
 .text.adv7533_Reset
                0x08005246        0x4 ./Drivers/BSP/HDMI/adv7533.o
                0x08005246                adv7533_Reset
 *fill*         0x0800524a        0x2 
 .text.I2Cx_Init.constprop.0
                0x0800524c       0xe4 ./Drivers/BSP/HDMI/adv7533.o
 .text.adv7533_SetOutputMode
                0x08005330        0x4 ./Drivers/BSP/HDMI/adv7533.o
                0x08005330                adv7533_SetOutputMode
 .text.HDMI_IO_Init
                0x08005334        0x4 ./Drivers/BSP/HDMI/adv7533.o
                0x08005334                HDMI_IO_Init
 .text.HDMI_IO_Write
                0x08005338       0x38 ./Drivers/BSP/HDMI/adv7533.o
                0x08005338                HDMI_IO_Write
 .text.ADV7533_Init
                0x08005370       0x14 ./Drivers/BSP/HDMI/adv7533.o
                0x08005370                ADV7533_Init
 .text.HDMI_IO_Read
                0x08005384       0x3c ./Drivers/BSP/HDMI/adv7533.o
                0x08005384                HDMI_IO_Read
 .text.ADV7533_PowerOn
                0x080053c0       0x1a ./Drivers/BSP/HDMI/adv7533.o
                0x080053c0                ADV7533_PowerOn
 .text.ADV7533_Configure
                0x080053da      0x17c ./Drivers/BSP/HDMI/adv7533.o
                0x080053da                ADV7533_Configure
 .text.adv7533_ReadID
                0x08005556       0x1a ./Drivers/BSP/HDMI/adv7533.o
                0x08005556                adv7533_ReadID
 .text.adv7533_SetMute
                0x08005570       0x2c ./Drivers/BSP/HDMI/adv7533.o
                0x08005570                adv7533_SetMute
 .text.adv7533_Pause
                0x0800559c        0x6 ./Drivers/BSP/HDMI/adv7533.o
                0x0800559c                adv7533_Pause
 .text.adv7533_Resume
                0x080055a2        0x6 ./Drivers/BSP/HDMI/adv7533.o
                0x080055a2                adv7533_Resume
 .text.adv7533_Play
                0x080055a8        0x6 ./Drivers/BSP/HDMI/adv7533.o
                0x080055a8                adv7533_Play
 .text.adv7533_Stop
                0x080055ae        0x6 ./Drivers/BSP/HDMI/adv7533.o
                0x080055ae                adv7533_Stop
 .text.adv7533_SetFrequency
                0x080055b4       0x84 ./Drivers/BSP/HDMI/adv7533.o
                0x080055b4                adv7533_SetFrequency
 .text.adv7533_AudioInit
                0x08005638       0x9c ./Drivers/BSP/HDMI/adv7533.o
                0x08005638                adv7533_AudioInit
 .text.HDMI_IO_Delay
                0x080056d4        0x4 ./Drivers/BSP/HDMI/adv7533.o
                0x080056d4                HDMI_IO_Delay
 .text.LL_FillBuffer
                0x080056d8       0x64 ./Drivers/BSP/HDMI/stm32f769i_discovery_lcd.o
 .text.BSP_LCD_Reset
                0x0800573c       0x60 ./Drivers/BSP/HDMI/stm32f769i_discovery_lcd.o
                0x0800573c                BSP_LCD_Reset
 .text.BSP_LCD_GetXSize
                0x0800579c        0xc ./Drivers/BSP/HDMI/stm32f769i_discovery_lcd.o
                0x0800579c                BSP_LCD_GetXSize
 .text.BSP_LCD_GetYSize
                0x080057a8        0xc ./Drivers/BSP/HDMI/stm32f769i_discovery_lcd.o
                0x080057a8                BSP_LCD_GetYSize
 .text.BSP_LCD_LayerDefaultInit
                0x080057b4       0x74 ./Drivers/BSP/HDMI/stm32f769i_discovery_lcd.o
                0x080057b4                BSP_LCD_LayerDefaultInit
 .text.BSP_LCD_SelectLayer
                0x08005828        0xc ./Drivers/BSP/HDMI/stm32f769i_discovery_lcd.o
                0x08005828                BSP_LCD_SelectLayer
 .text.BSP_LCD_SetLayerVisible
                0x08005834       0x28 ./Drivers/BSP/HDMI/stm32f769i_discovery_lcd.o
                0x08005834                BSP_LCD_SetLayerVisible
 .text.BSP_LCD_SetTextColor
                0x0800585c       0x18 ./Drivers/BSP/HDMI/stm32f769i_discovery_lcd.o
                0x0800585c                BSP_LCD_SetTextColor
 .text.BSP_LCD_SetBackColor
                0x08005874       0x18 ./Drivers/BSP/HDMI/stm32f769i_discovery_lcd.o
                0x08005874                BSP_LCD_SetBackColor
 .text.BSP_LCD_SetFont
                0x0800588c       0x18 ./Drivers/BSP/HDMI/stm32f769i_discovery_lcd.o
                0x0800588c                BSP_LCD_SetFont
 .text.BSP_LCD_Clear
                0x080058a4       0x3c ./Drivers/BSP/HDMI/stm32f769i_discovery_lcd.o
                0x080058a4                BSP_LCD_Clear
 .text.BSP_LCD_MspInit
                0x080058e0       0xa4 ./Drivers/BSP/HDMI/stm32f769i_discovery_lcd.o
                0x080058e0                BSP_LCD_MspInit
 .text.BSP_LCD_HDMIInitEx
                0x08005984      0x228 ./Drivers/BSP/HDMI/stm32f769i_discovery_lcd.o
                0x08005984                BSP_LCD_HDMIInitEx
 .text.BSP_LCD_InitEx
                0x08005bac       0x34 ./Drivers/BSP/HDMI/stm32f769i_discovery_lcd.o
                0x08005bac                BSP_LCD_InitEx
 .text.BSP_LCD_Init
                0x08005be0        0x6 ./Drivers/BSP/HDMI/stm32f769i_discovery_lcd.o
                0x08005be0                BSP_LCD_Init
 *fill*         0x08005be6        0x2 
 .text.BSP_LCD_DrawPixel
                0x08005be8       0x2c ./Drivers/BSP/HDMI/stm32f769i_discovery_lcd.o
                0x08005be8                BSP_LCD_DrawPixel
 .text.BSP_LCD_DisplayChar
                0x08005c14       0xc0 ./Drivers/BSP/HDMI/stm32f769i_discovery_lcd.o
                0x08005c14                BSP_LCD_DisplayChar
 .text.BSP_LCD_DisplayStringAt
                0x08005cd4       0x9c ./Drivers/BSP/HDMI/stm32f769i_discovery_lcd.o
                0x08005cd4                BSP_LCD_DisplayStringAt
 .text.BSP_SDRAM_Initialization_sequence
                0x08005d70       0x94 ./Drivers/BSP/HDMI/stm32f769i_discovery_sdram.o
                0x08005d70                BSP_SDRAM_Initialization_sequence
 .text.BSP_SDRAM_MspInit
                0x08005e04      0x17c ./Drivers/BSP/HDMI/stm32f769i_discovery_sdram.o
                0x08005e04                BSP_SDRAM_MspInit
 .text.BSP_SDRAM_Init
                0x08005f80       0x78 ./Drivers/BSP/HDMI/stm32f769i_discovery_sdram.o
                0x08005f80                BSP_SDRAM_Init
 .text.NRF24_isRecivData
                0x08005ff8        0xc ./Drivers/BSP/NRF24L01/nrf24l01.o
                0x08005ff8                NRF24_isRecivData
 .text.NRF24_ReadData
                0x08006004       0x38 ./Drivers/BSP/NRF24L01/nrf24l01.o
                0x08006004                NRF24_ReadData
 .text.NRF24_TransferByte
                0x0800603c       0x70 ./Drivers/BSP/NRF24L01/nrf24l01.o
                0x0800603c                NRF24_TransferByte
 .text.NRF24_WriteCMD
                0x080060ac       0x34 ./Drivers/BSP/NRF24L01/nrf24l01.o
                0x080060ac                NRF24_WriteCMD
 .text.NRF24_Mode
                0x080060e0       0xb4 ./Drivers/BSP/NRF24L01/nrf24l01.o
                0x080060e0                NRF24_Mode
 .text.NRF24_ReadCMD
                0x08006194       0x30 ./Drivers/BSP/NRF24L01/nrf24l01.o
                0x08006194                NRF24_ReadCMD
 .text.NRF24_DisablePipeRX
                0x080061c4       0x34 ./Drivers/BSP/NRF24L01/nrf24l01.o
                0x080061c4                NRF24_DisablePipeRX
 .text.NRF24_observeTX
                0x080061f8       0x18 ./Drivers/BSP/NRF24L01/nrf24l01.o
                0x080061f8                NRF24_observeTX
 .text.NRF24_WriteLargeCMD
                0x08006210       0x3c ./Drivers/BSP/NRF24L01/nrf24l01.o
                0x08006210                NRF24_WriteLargeCMD
 .text.NRF24_ReadLargeCMD
                0x0800624c       0x40 ./Drivers/BSP/NRF24L01/nrf24l01.o
                0x0800624c                NRF24_ReadLargeCMD
 .text.NRF24_EnablePipeRX
                0x0800628c       0xd0 ./Drivers/BSP/NRF24L01/nrf24l01.o
                0x0800628c                NRF24_EnablePipeRX
 .text.NRF24_ReadStatus
                0x0800635c       0x28 ./Drivers/BSP/NRF24L01/nrf24l01.o
                0x0800635c                NRF24_ReadStatus
 .text.NRF24_CheckDataRX
                0x08006384       0x90 ./Drivers/BSP/NRF24L01/nrf24l01.o
                0x08006384                NRF24_CheckDataRX
 .text.NRF24_WriteByte
                0x08006414       0x28 ./Drivers/BSP/NRF24L01/nrf24l01.o
                0x08006414                NRF24_WriteByte
 .text.NRF24_Config
                0x0800643c       0x74 ./Drivers/BSP/NRF24L01/nrf24l01.o
                0x0800643c                NRF24_Config
 .text.NRF24_Init
                0x080064b0       0x4c ./Drivers/BSP/NRF24L01/nrf24l01.o
                0x080064b0                NRF24_Init
 .text.NRF24_SendData
                0x080064fc      0x104 ./Drivers/BSP/NRF24L01/nrf24l01.o
                0x080064fc                NRF24_SendData
 .text.HAL_Init
                0x08006600       0x16 ./Drivers/STM32F7xx_HAL_Driver/Src/stm32f7xx_hal.o
                0x08006600                HAL_Init
 *fill*         0x08006616        0x2 
 .text.HAL_IncTick
                0x08006618       0x18 ./Drivers/STM32F7xx_HAL_Driver/Src/stm32f7xx_hal.o
                0x08006618                HAL_IncTick
 .text.HAL_GetTick
                0x08006630        0xc ./Drivers/STM32F7xx_HAL_Driver/Src/stm32f7xx_hal.o
                0x08006630                HAL_GetTick
 .text.HAL_Delay
                0x0800663c       0x24 ./Drivers/STM32F7xx_HAL_Driver/Src/stm32f7xx_hal.o
                0x0800663c                HAL_Delay
 .text.HAL_NVIC_SetPriorityGrouping
                0x08006660       0x24 ./Drivers/STM32F7xx_HAL_Driver/Src/stm32f7xx_hal_cortex.o
                0x08006660                HAL_NVIC_SetPriorityGrouping
 .text.HAL_NVIC_SetPriority
                0x08006684       0x64 ./Drivers/STM32F7xx_HAL_Driver/Src/stm32f7xx_hal_cortex.o
                0x08006684                HAL_NVIC_SetPriority
 .text.HAL_NVIC_EnableIRQ
                0x080066e8       0x1c ./Drivers/STM32F7xx_HAL_Driver/Src/stm32f7xx_hal_cortex.o
                0x080066e8                HAL_NVIC_EnableIRQ
 .text.DMA_CalcBaseAndBitshift
                0x08006704       0x2c ./Drivers/STM32F7xx_HAL_Driver/Src/stm32f7xx_hal_dma.o
 .text.HAL_DMA_Init
                0x08006730       0xfc ./Drivers/STM32F7xx_HAL_Driver/Src/stm32f7xx_hal_dma.o
                0x08006730                HAL_DMA_Init
 .text.HAL_DMA_DeInit
                0x0800682c       0x54 ./Drivers/STM32F7xx_HAL_Driver/Src/stm32f7xx_hal_dma.o
                0x0800682c                HAL_DMA_DeInit
 .text.HAL_DMA_Abort
                0x08006880       0x7c ./Drivers/STM32F7xx_HAL_Driver/Src/stm32f7xx_hal_dma.o
                0x08006880                HAL_DMA_Abort
 .text.HAL_DMA_Abort_IT
                0x080068fc       0x24 ./Drivers/STM32F7xx_HAL_Driver/Src/stm32f7xx_hal_dma.o
                0x080068fc                HAL_DMA_Abort_IT
 .text.DMA2D_SetConfig
                0x08006920       0x84 ./Drivers/STM32F7xx_HAL_Driver/Src/stm32f7xx_hal_dma2d.o
 .text.HAL_DMA2D_Init
                0x080069a4       0x68 ./Drivers/STM32F7xx_HAL_Driver/Src/stm32f7xx_hal_dma2d.o
                0x080069a4                HAL_DMA2D_Init
 .text.HAL_DMA2D_Start
                0x08006a0c       0x34 ./Drivers/STM32F7xx_HAL_Driver/Src/stm32f7xx_hal_dma2d.o
                0x08006a0c                HAL_DMA2D_Start
 .text.HAL_DMA2D_PollForTransfer
                0x08006a40       0xfa ./Drivers/STM32F7xx_HAL_Driver/Src/stm32f7xx_hal_dma2d.o
                0x08006a40                HAL_DMA2D_PollForTransfer
 *fill*         0x08006b3a        0x2 
 .text.HAL_DMA2D_ConfigLayer
                0x08006b3c       0xa0 ./Drivers/STM32F7xx_HAL_Driver/Src/stm32f7xx_hal_dma2d.o
                0x08006b3c                HAL_DMA2D_ConfigLayer
 .text.HAL_DSI_ConfigErrorMonitor
                0x08006bdc       0xc4 ./Drivers/STM32F7xx_HAL_Driver/Src/stm32f7xx_hal_dsi.o
                0x08006bdc                HAL_DSI_ConfigErrorMonitor
 .text.HAL_DSI_Init
                0x08006ca0      0x1e8 ./Drivers/STM32F7xx_HAL_Driver/Src/stm32f7xx_hal_dsi.o
                0x08006ca0                HAL_DSI_Init
 .text.HAL_DSI_DeInit
                0x08006e88       0x94 ./Drivers/STM32F7xx_HAL_Driver/Src/stm32f7xx_hal_dsi.o
                0x08006e88                HAL_DSI_DeInit
 .text.HAL_DSI_SetGenericVCID
                0x08006f1c       0x22 ./Drivers/STM32F7xx_HAL_Driver/Src/stm32f7xx_hal_dsi.o
                0x08006f1c                HAL_DSI_SetGenericVCID
 *fill*         0x08006f3e        0x2 
 .text.HAL_DSI_ConfigVideoMode
                0x08006f40      0x1ec ./Drivers/STM32F7xx_HAL_Driver/Src/stm32f7xx_hal_dsi.o
                0x08006f40                HAL_DSI_ConfigVideoMode
 .text.HAL_DSI_ConfigAdaptedCommandMode
                0x0800712c       0xe2 ./Drivers/STM32F7xx_HAL_Driver/Src/stm32f7xx_hal_dsi.o
                0x0800712c                HAL_DSI_ConfigAdaptedCommandMode
 *fill*         0x0800720e        0x2 
 .text.HAL_DSI_ConfigCommand
                0x08007210       0x68 ./Drivers/STM32F7xx_HAL_Driver/Src/stm32f7xx_hal_dsi.o
                0x08007210                HAL_DSI_ConfigCommand
 .text.HAL_DSI_ConfigFlowControl
                0x08007278       0x22 ./Drivers/STM32F7xx_HAL_Driver/Src/stm32f7xx_hal_dsi.o
                0x08007278                HAL_DSI_ConfigFlowControl
 .text.HAL_DSI_ConfigPhyTimer
                0x0800729a       0x78 ./Drivers/STM32F7xx_HAL_Driver/Src/stm32f7xx_hal_dsi.o
                0x0800729a                HAL_DSI_ConfigPhyTimer
 *fill*         0x08007312        0x2 
 .text.HAL_DSI_ConfigHostTimeouts
                0x08007314       0xcc ./Drivers/STM32F7xx_HAL_Driver/Src/stm32f7xx_hal_dsi.o
                0x08007314                HAL_DSI_ConfigHostTimeouts
 .text.HAL_DSI_Start
                0x080073e0       0x46 ./Drivers/STM32F7xx_HAL_Driver/Src/stm32f7xx_hal_dsi.o
                0x080073e0                HAL_DSI_Start
 .text.HAL_DSI_SetLowPowerRXFilter
                0x08007426       0x2c ./Drivers/STM32F7xx_HAL_Driver/Src/stm32f7xx_hal_dsi.o
                0x08007426                HAL_DSI_SetLowPowerRXFilter
 *fill*         0x08007452        0x2 
 .text.HAL_GPIO_Init
                0x08007454      0x1c8 ./Drivers/STM32F7xx_HAL_Driver/Src/stm32f7xx_hal_gpio.o
                0x08007454                HAL_GPIO_Init
 .text.HAL_GPIO_DeInit
                0x0800761c      0x134 ./Drivers/STM32F7xx_HAL_Driver/Src/stm32f7xx_hal_gpio.o
                0x0800761c                HAL_GPIO_DeInit
 .text.HAL_GPIO_WritePin
                0x08007750        0xa ./Drivers/STM32F7xx_HAL_Driver/Src/stm32f7xx_hal_gpio.o
                0x08007750                HAL_GPIO_WritePin
 .text.HAL_GPIO_TogglePin
                0x0800775a       0x12 ./Drivers/STM32F7xx_HAL_Driver/Src/stm32f7xx_hal_gpio.o
                0x0800775a                HAL_GPIO_TogglePin
 .text.I2C_Flush_TXDR
                0x0800776c       0x1c ./Drivers/STM32F7xx_HAL_Driver/Src/stm32f7xx_hal_i2c.o
 .text.I2C_TransferConfig
                0x08007788       0x2c ./Drivers/STM32F7xx_HAL_Driver/Src/stm32f7xx_hal_i2c.o
 .text.I2C_IsErrorOccurred
                0x080077b4      0x100 ./Drivers/STM32F7xx_HAL_Driver/Src/stm32f7xx_hal_i2c.o
 .text.I2C_WaitOnTXISFlagUntilTimeout
                0x080078b4       0x56 ./Drivers/STM32F7xx_HAL_Driver/Src/stm32f7xx_hal_i2c.o
 .text.I2C_WaitOnFlagUntilTimeout
                0x0800790a       0x76 ./Drivers/STM32F7xx_HAL_Driver/Src/stm32f7xx_hal_i2c.o
 .text.I2C_WaitOnSTOPFlagUntilTimeout
                0x08007980       0x52 ./Drivers/STM32F7xx_HAL_Driver/Src/stm32f7xx_hal_i2c.o
 .text.HAL_I2C_MspInit
                0x080079d2        0x2 ./Drivers/STM32F7xx_HAL_Driver/Src/stm32f7xx_hal_i2c.o
                0x080079d2                HAL_I2C_MspInit
 .text.HAL_I2C_Init
                0x080079d4       0xaa ./Drivers/STM32F7xx_HAL_Driver/Src/stm32f7xx_hal_i2c.o
                0x080079d4                HAL_I2C_Init
 .text.HAL_I2C_MspDeInit
                0x08007a7e        0x2 ./Drivers/STM32F7xx_HAL_Driver/Src/stm32f7xx_hal_i2c.o
                0x08007a7e                HAL_I2C_MspDeInit
 .text.HAL_I2C_DeInit
                0x08007a80       0x32 ./Drivers/STM32F7xx_HAL_Driver/Src/stm32f7xx_hal_i2c.o
                0x08007a80                HAL_I2C_DeInit
 *fill*         0x08007ab2        0x2 
 .text.HAL_I2C_Mem_Write
                0x08007ab4      0x1b4 ./Drivers/STM32F7xx_HAL_Driver/Src/stm32f7xx_hal_i2c.o
                0x08007ab4                HAL_I2C_Mem_Write
 .text.HAL_I2C_Mem_Read
                0x08007c68      0x1bc ./Drivers/STM32F7xx_HAL_Driver/Src/stm32f7xx_hal_i2c.o
                0x08007c68                HAL_I2C_Mem_Read
 .text.HAL_I2C_GetState
                0x08007e24        0x6 ./Drivers/STM32F7xx_HAL_Driver/Src/stm32f7xx_hal_i2c.o
                0x08007e24                HAL_I2C_GetState
 *fill*         0x08007e2a        0x2 
 .text.LTDC_SetConfig
                0x08007e2c       0xec ./Drivers/STM32F7xx_HAL_Driver/Src/stm32f7xx_hal_ltdc.o
 .text.HAL_LTDC_Init
                0x08007f18       0xaa ./Drivers/STM32F7xx_HAL_Driver/Src/stm32f7xx_hal_ltdc.o
                0x08007f18                HAL_LTDC_Init
 .text.HAL_LTDC_DeInit
                0x08007fc2       0x64 ./Drivers/STM32F7xx_HAL_Driver/Src/stm32f7xx_hal_ltdc.o
                0x08007fc2                HAL_LTDC_DeInit
 .text.HAL_LTDC_ErrorCallback
                0x08008026        0x2 ./Drivers/STM32F7xx_HAL_Driver/Src/stm32f7xx_hal_ltdc.o
                0x08008026                HAL_LTDC_ErrorCallback
 .text.HAL_LTDC_LineEventCallback
                0x08008028        0x2 ./Drivers/STM32F7xx_HAL_Driver/Src/stm32f7xx_hal_ltdc.o
                0x08008028                HAL_LTDC_LineEventCallback
 .text.HAL_LTDC_ReloadEventCallback
                0x0800802a        0x2 ./Drivers/STM32F7xx_HAL_Driver/Src/stm32f7xx_hal_ltdc.o
                0x0800802a                HAL_LTDC_ReloadEventCallback
 .text.HAL_LTDC_IRQHandler
                0x0800802c       0xba ./Drivers/STM32F7xx_HAL_Driver/Src/stm32f7xx_hal_ltdc.o
                0x0800802c                HAL_LTDC_IRQHandler
 .text.HAL_LTDC_ConfigLayer
                0x080080e6       0x5a ./Drivers/STM32F7xx_HAL_Driver/Src/stm32f7xx_hal_ltdc.o
                0x080080e6                HAL_LTDC_ConfigLayer
 .text.HAL_PWREx_EnableOverDrive
                0x08008140       0x70 ./Drivers/STM32F7xx_HAL_Driver/Src/stm32f7xx_hal_pwr_ex.o
                0x08008140                HAL_PWREx_EnableOverDrive
 .text.HAL_RCC_OscConfig
                0x080081b0      0x388 ./Drivers/STM32F7xx_HAL_Driver/Src/stm32f7xx_hal_rcc.o
                0x080081b0                HAL_RCC_OscConfig
 .text.HAL_RCC_EnableCSS
                0x08008538       0x10 ./Drivers/STM32F7xx_HAL_Driver/Src/stm32f7xx_hal_rcc.o
                0x08008538                HAL_RCC_EnableCSS
 .text.HAL_RCC_GetSysClockFreq
                0x08008548       0x5c ./Drivers/STM32F7xx_HAL_Driver/Src/stm32f7xx_hal_rcc.o
                0x08008548                HAL_RCC_GetSysClockFreq
 .text.HAL_RCC_ClockConfig
                0x080085a4      0x13c ./Drivers/STM32F7xx_HAL_Driver/Src/stm32f7xx_hal_rcc.o
                0x080085a4                HAL_RCC_ClockConfig
 .text.HAL_RCC_GetPCLK1Freq
                0x080086e0       0x20 ./Drivers/STM32F7xx_HAL_Driver/Src/stm32f7xx_hal_rcc.o
                0x080086e0                HAL_RCC_GetPCLK1Freq
 .text.HAL_RCC_GetPCLK2Freq
                0x08008700       0x20 ./Drivers/STM32F7xx_HAL_Driver/Src/stm32f7xx_hal_rcc.o
                0x08008700                HAL_RCC_GetPCLK2Freq
 .text.HAL_RCC_GetClockConfig
                0x08008720       0x3c ./Drivers/STM32F7xx_HAL_Driver/Src/stm32f7xx_hal_rcc.o
                0x08008720                HAL_RCC_GetClockConfig
 .text.HAL_RCC_CSSCallback
                0x0800875c        0x2 ./Drivers/STM32F7xx_HAL_Driver/Src/stm32f7xx_hal_rcc.o
                0x0800875c                HAL_RCC_CSSCallback
 *fill*         0x0800875e        0x2 
 .text.HAL_RCC_NMI_IRQHandler
                0x08008760       0x18 ./Drivers/STM32F7xx_HAL_Driver/Src/stm32f7xx_hal_rcc.o
                0x08008760                HAL_RCC_NMI_IRQHandler
 .text.HAL_RCCEx_PeriphCLKConfig
                0x08008778      0x55c ./Drivers/STM32F7xx_HAL_Driver/Src/stm32f7xx_hal_rcc_ex.o
                0x08008778                HAL_RCCEx_PeriphCLKConfig
 .text.HAL_RNG_Init
                0x08008cd4       0x30 ./Drivers/STM32F7xx_HAL_Driver/Src/stm32f7xx_hal_rng.o
                0x08008cd4                HAL_RNG_Init
 .text.HAL_SDRAM_Init
                0x08008d04       0x40 ./Drivers/STM32F7xx_HAL_Driver/Src/stm32f7xx_hal_sdram.o
                0x08008d04                HAL_SDRAM_Init
 .text.HAL_SDRAM_SendCommand
                0x08008d44       0x3e ./Drivers/STM32F7xx_HAL_Driver/Src/stm32f7xx_hal_sdram.o
                0x08008d44                HAL_SDRAM_SendCommand
 .text.HAL_SDRAM_ProgramRefreshRate
                0x08008d82       0x30 ./Drivers/STM32F7xx_HAL_Driver/Src/stm32f7xx_hal_sdram.o
                0x08008d82                HAL_SDRAM_ProgramRefreshRate
 *fill*         0x08008db2        0x2 
 .text.SPI_WaitFlagStateUntilTimeout.constprop.0
                0x08008db4       0xa0 ./Drivers/STM32F7xx_HAL_Driver/Src/stm32f7xx_hal_spi.o
 .text.SPI_WaitFifoStateUntilTimeout.constprop.0
                0x08008e54       0xc4 ./Drivers/STM32F7xx_HAL_Driver/Src/stm32f7xx_hal_spi.o
 .text.SPI_EndRxTxTransaction
                0x08008f18       0x80 ./Drivers/STM32F7xx_HAL_Driver/Src/stm32f7xx_hal_spi.o
 .text.HAL_SPI_Init
                0x08008f98       0xdc ./Drivers/STM32F7xx_HAL_Driver/Src/stm32f7xx_hal_spi.o
                0x08008f98                HAL_SPI_Init
 .text.HAL_SPI_DeInit
                0x08009074       0x2c ./Drivers/STM32F7xx_HAL_Driver/Src/stm32f7xx_hal_spi.o
                0x08009074                HAL_SPI_DeInit
 .text.HAL_SPI_TransmitReceive
                0x080090a0      0x266 ./Drivers/STM32F7xx_HAL_Driver/Src/stm32f7xx_hal_spi.o
                0x080090a0                HAL_SPI_TransmitReceive
 .text.HAL_SPI_GetState
                0x08009306        0x6 ./Drivers/STM32F7xx_HAL_Driver/Src/stm32f7xx_hal_spi.o
                0x08009306                HAL_SPI_GetState
 .text.HAL_TIM_Base_MspInit
                0x0800930c        0x2 ./Drivers/STM32F7xx_HAL_Driver/Src/stm32f7xx_hal_tim.o
                0x0800930c                HAL_TIM_Base_MspInit
 *fill*         0x0800930e        0x2 
 .text.HAL_TIM_Base_Start_IT
                0x08009310       0x7c ./Drivers/STM32F7xx_HAL_Driver/Src/stm32f7xx_hal_tim.o
                0x08009310                HAL_TIM_Base_Start_IT
 .text.HAL_TIM_OC_DelayElapsedCallback
                0x0800938c        0x2 ./Drivers/STM32F7xx_HAL_Driver/Src/stm32f7xx_hal_tim.o
                0x0800938c                HAL_TIM_OC_DelayElapsedCallback
 .text.HAL_TIM_IC_CaptureCallback
                0x0800938e        0x2 ./Drivers/STM32F7xx_HAL_Driver/Src/stm32f7xx_hal_tim.o
                0x0800938e                HAL_TIM_IC_CaptureCallback
 .text.HAL_TIM_PWM_PulseFinishedCallback
                0x08009390        0x2 ./Drivers/STM32F7xx_HAL_Driver/Src/stm32f7xx_hal_tim.o
                0x08009390                HAL_TIM_PWM_PulseFinishedCallback
 .text.HAL_TIM_TriggerCallback
                0x08009392        0x2 ./Drivers/STM32F7xx_HAL_Driver/Src/stm32f7xx_hal_tim.o
                0x08009392                HAL_TIM_TriggerCallback
 .text.HAL_TIM_IRQHandler
                0x08009394      0x140 ./Drivers/STM32F7xx_HAL_Driver/Src/stm32f7xx_hal_tim.o
                0x08009394                HAL_TIM_IRQHandler
 .text.TIM_Base_SetConfig
                0x080094d4       0xa8 ./Drivers/STM32F7xx_HAL_Driver/Src/stm32f7xx_hal_tim.o
                0x080094d4                TIM_Base_SetConfig
 .text.HAL_TIM_Base_Init
                0x0800957c       0x60 ./Drivers/STM32F7xx_HAL_Driver/Src/stm32f7xx_hal_tim.o
                0x0800957c                HAL_TIM_Base_Init
 .text.HAL_TIMEx_CommutCallback
                0x080095dc        0x2 ./Drivers/STM32F7xx_HAL_Driver/Src/stm32f7xx_hal_tim_ex.o
                0x080095dc                HAL_TIMEx_CommutCallback
 .text.HAL_TIMEx_BreakCallback
                0x080095de        0x2 ./Drivers/STM32F7xx_HAL_Driver/Src/stm32f7xx_hal_tim_ex.o
                0x080095de                HAL_TIMEx_BreakCallback
 .text.HAL_TIMEx_Break2Callback
                0x080095e0        0x2 ./Drivers/STM32F7xx_HAL_Driver/Src/stm32f7xx_hal_tim_ex.o
                0x080095e0                HAL_TIMEx_Break2Callback
 .text.UART_EndRxTransfer
                0x080095e2       0x50 ./Drivers/STM32F7xx_HAL_Driver/Src/stm32f7xx_hal_uart.o
 .text.HAL_UART_TxCpltCallback
                0x08009632        0x2 ./Drivers/STM32F7xx_HAL_Driver/Src/stm32f7xx_hal_uart.o
                0x08009632                HAL_UART_TxCpltCallback
 .text.HAL_UART_ErrorCallback
                0x08009634        0x2 ./Drivers/STM32F7xx_HAL_Driver/Src/stm32f7xx_hal_uart.o
                0x08009634                HAL_UART_ErrorCallback
 .text.UART_DMAAbortOnError
                0x08009636       0x10 ./Drivers/STM32F7xx_HAL_Driver/Src/stm32f7xx_hal_uart.o
 .text.HAL_UARTEx_RxEventCallback
                0x08009646        0x2 ./Drivers/STM32F7xx_HAL_Driver/Src/stm32f7xx_hal_uart.o
                0x08009646                HAL_UARTEx_RxEventCallback
 .text.HAL_UARTEx_WakeupCallback
                0x08009648        0x2 ./Drivers/STM32F7xx_HAL_Driver/Src/stm32f7xx_hal_uart.o
                0x08009648                HAL_UARTEx_WakeupCallback
 *fill*         0x0800964a        0x2 
 .text.HAL_UART_IRQHandler
                0x0800964c      0x2a8 ./Drivers/STM32F7xx_HAL_Driver/Src/stm32f7xx_hal_uart.o
                0x0800964c                HAL_UART_IRQHandler
 .text.UART_SetConfig
                0x080098f4      0x1fc ./Drivers/STM32F7xx_HAL_Driver/Src/stm32f7xx_hal_uart.o
                0x080098f4                UART_SetConfig
 .text.UART_AdvFeatureConfig
                0x08009af0       0xaa ./Drivers/STM32F7xx_HAL_Driver/Src/stm32f7xx_hal_uart.o
                0x08009af0                UART_AdvFeatureConfig
 .text.UART_WaitOnFlagUntilTimeout
                0x08009b9a       0x90 ./Drivers/STM32F7xx_HAL_Driver/Src/stm32f7xx_hal_uart.o
                0x08009b9a                UART_WaitOnFlagUntilTimeout
 .text.HAL_UART_Transmit
                0x08009c2a       0xa2 ./Drivers/STM32F7xx_HAL_Driver/Src/stm32f7xx_hal_uart.o
                0x08009c2a                HAL_UART_Transmit
 .text.UART_CheckIdleState
                0x08009ccc       0xb2 ./Drivers/STM32F7xx_HAL_Driver/Src/stm32f7xx_hal_uart.o
                0x08009ccc                UART_CheckIdleState
 .text.HAL_UART_Init
                0x08009d7e       0x5c ./Drivers/STM32F7xx_HAL_Driver/Src/stm32f7xx_hal_uart.o
                0x08009d7e                HAL_UART_Init
 .text.FMC_SDRAM_Init
                0x08009dda       0x6c ./Drivers/STM32F7xx_HAL_Driver/Src/stm32f7xx_ll_fmc.o
                0x08009dda                FMC_SDRAM_Init
 .text.FMC_SDRAM_Timing_Init
                0x08009e46       0x6c ./Drivers/STM32F7xx_HAL_Driver/Src/stm32f7xx_ll_fmc.o
                0x08009e46                FMC_SDRAM_Timing_Init
 .text.FMC_SDRAM_SendCommand
                0x08009eb2       0x24 ./Drivers/STM32F7xx_HAL_Driver/Src/stm32f7xx_ll_fmc.o
                0x08009eb2                FMC_SDRAM_SendCommand
 .text.FMC_SDRAM_ProgramRefreshRate
                0x08009ed6       0x10 ./Drivers/STM32F7xx_HAL_Driver/Src/stm32f7xx_ll_fmc.o
                0x08009ed6                FMC_SDRAM_ProgramRefreshRate
 *fill*         0x08009ee6        0x2 
 .text.__assert_func
                0x08009ee8       0x3c C:/ST/STM32CubeIDE_1.17.0/STM32CubeIDE/plugins/com.st.stm32cube.ide.mcu.externaltools.gnu-tools-for-stm32.13.3.rel1.win32_1.0.0.202411081344/tools/bin/../lib/gcc/arm-none-eabi/13.3.1/../../../../arm-none-eabi/lib/thumb/v7e-m+dp/hard\libc_nano.a(libc_a-assert.o)
                0x08009ee8                __assert_func
 .text.std      0x08009f24       0x6c C:/ST/STM32CubeIDE_1.17.0/STM32CubeIDE/plugins/com.st.stm32cube.ide.mcu.externaltools.gnu-tools-for-stm32.13.3.rel1.win32_1.0.0.202411081344/tools/bin/../lib/gcc/arm-none-eabi/13.3.1/../../../../arm-none-eabi/lib/thumb/v7e-m+dp/hard\libc_nano.a(libc_a-findfp.o)
 .text.stdio_exit_handler
                0x08009f90       0x18 C:/ST/STM32CubeIDE_1.17.0/STM32CubeIDE/plugins/com.st.stm32cube.ide.mcu.externaltools.gnu-tools-for-stm32.13.3.rel1.win32_1.0.0.202411081344/tools/bin/../lib/gcc/arm-none-eabi/13.3.1/../../../../arm-none-eabi/lib/thumb/v7e-m+dp/hard\libc_nano.a(libc_a-findfp.o)
 .text.cleanup_stdio
                0x08009fa8       0x40 C:/ST/STM32CubeIDE_1.17.0/STM32CubeIDE/plugins/com.st.stm32cube.ide.mcu.externaltools.gnu-tools-for-stm32.13.3.rel1.win32_1.0.0.202411081344/tools/bin/../lib/gcc/arm-none-eabi/13.3.1/../../../../arm-none-eabi/lib/thumb/v7e-m+dp/hard\libc_nano.a(libc_a-findfp.o)
 .text.global_stdio_init.part.0
                0x08009fe8       0x3c C:/ST/STM32CubeIDE_1.17.0/STM32CubeIDE/plugins/com.st.stm32cube.ide.mcu.externaltools.gnu-tools-for-stm32.13.3.rel1.win32_1.0.0.202411081344/tools/bin/../lib/gcc/arm-none-eabi/13.3.1/../../../../arm-none-eabi/lib/thumb/v7e-m+dp/hard\libc_nano.a(libc_a-findfp.o)
 .text.__sfp_lock_acquire
                0x0800a024        0xc C:/ST/STM32CubeIDE_1.17.0/STM32CubeIDE/plugins/com.st.stm32cube.ide.mcu.externaltools.gnu-tools-for-stm32.13.3.rel1.win32_1.0.0.202411081344/tools/bin/../lib/gcc/arm-none-eabi/13.3.1/../../../../arm-none-eabi/lib/thumb/v7e-m+dp/hard\libc_nano.a(libc_a-findfp.o)
                0x0800a024                __sfp_lock_acquire
 .text.__sfp_lock_release
                0x0800a030        0xc C:/ST/STM32CubeIDE_1.17.0/STM32CubeIDE/plugins/com.st.stm32cube.ide.mcu.externaltools.gnu-tools-for-stm32.13.3.rel1.win32_1.0.0.202411081344/tools/bin/../lib/gcc/arm-none-eabi/13.3.1/../../../../arm-none-eabi/lib/thumb/v7e-m+dp/hard\libc_nano.a(libc_a-findfp.o)
                0x0800a030                __sfp_lock_release
 .text.__sinit  0x0800a03c       0x30 C:/ST/STM32CubeIDE_1.17.0/STM32CubeIDE/plugins/com.st.stm32cube.ide.mcu.externaltools.gnu-tools-for-stm32.13.3.rel1.win32_1.0.0.202411081344/tools/bin/../lib/gcc/arm-none-eabi/13.3.1/../../../../arm-none-eabi/lib/thumb/v7e-m+dp/hard\libc_nano.a(libc_a-findfp.o)
                0x0800a03c                __sinit
 .text.fprintf  0x0800a06c       0x24 C:/ST/STM32CubeIDE_1.17.0/STM32CubeIDE/plugins/com.st.stm32cube.ide.mcu.externaltools.gnu-tools-for-stm32.13.3.rel1.win32_1.0.0.202411081344/tools/bin/../lib/gcc/arm-none-eabi/13.3.1/../../../../arm-none-eabi/lib/thumb/v7e-m+dp/hard\libc_nano.a(libc_a-fprintf.o)
                0x0800a06c                fiprintf
                0x0800a06c                fprintf
 .text._fwalk_sglue
                0x0800a090       0x3c C:/ST/STM32CubeIDE_1.17.0/STM32CubeIDE/plugins/com.st.stm32cube.ide.mcu.externaltools.gnu-tools-for-stm32.13.3.rel1.win32_1.0.0.202411081344/tools/bin/../lib/gcc/arm-none-eabi/13.3.1/../../../../arm-none-eabi/lib/thumb/v7e-m+dp/hard\libc_nano.a(libc_a-fwalk.o)
                0x0800a090                _fwalk_sglue
 .text.printf   0x0800a0cc       0x24 C:/ST/STM32CubeIDE_1.17.0/STM32CubeIDE/plugins/com.st.stm32cube.ide.mcu.externaltools.gnu-tools-for-stm32.13.3.rel1.win32_1.0.0.202411081344/tools/bin/../lib/gcc/arm-none-eabi/13.3.1/../../../../arm-none-eabi/lib/thumb/v7e-m+dp/hard\libc_nano.a(libc_a-printf.o)
                0x0800a0cc                iprintf
                0x0800a0cc                printf
 .text.setvbuf  0x0800a0f0      0x168 C:/ST/STM32CubeIDE_1.17.0/STM32CubeIDE/plugins/com.st.stm32cube.ide.mcu.externaltools.gnu-tools-for-stm32.13.3.rel1.win32_1.0.0.202411081344/tools/bin/../lib/gcc/arm-none-eabi/13.3.1/../../../../arm-none-eabi/lib/thumb/v7e-m+dp/hard\libc_nano.a(libc_a-setvbuf.o)
                0x0800a0f0                setvbuf
 .text.sprintf  0x0800a258       0x44 C:/ST/STM32CubeIDE_1.17.0/STM32CubeIDE/plugins/com.st.stm32cube.ide.mcu.externaltools.gnu-tools-for-stm32.13.3.rel1.win32_1.0.0.202411081344/tools/bin/../lib/gcc/arm-none-eabi/13.3.1/../../../../arm-none-eabi/lib/thumb/v7e-m+dp/hard\libc_nano.a(libc_a-sprintf.o)
                0x0800a258                siprintf
                0x0800a258                sprintf
 .text.__sread  0x0800a29c       0x22 C:/ST/STM32CubeIDE_1.17.0/STM32CubeIDE/plugins/com.st.stm32cube.ide.mcu.externaltools.gnu-tools-for-stm32.13.3.rel1.win32_1.0.0.202411081344/tools/bin/../lib/gcc/arm-none-eabi/13.3.1/../../../../arm-none-eabi/lib/thumb/v7e-m+dp/hard\libc_nano.a(libc_a-stdio.o)
                0x0800a29c                __sread
 .text.__swrite
                0x0800a2be       0x38 C:/ST/STM32CubeIDE_1.17.0/STM32CubeIDE/plugins/com.st.stm32cube.ide.mcu.externaltools.gnu-tools-for-stm32.13.3.rel1.win32_1.0.0.202411081344/tools/bin/../lib/gcc/arm-none-eabi/13.3.1/../../../../arm-none-eabi/lib/thumb/v7e-m+dp/hard\libc_nano.a(libc_a-stdio.o)
                0x0800a2be                __swrite
 .text.__sseek  0x0800a2f6       0x24 C:/ST/STM32CubeIDE_1.17.0/STM32CubeIDE/plugins/com.st.stm32cube.ide.mcu.externaltools.gnu-tools-for-stm32.13.3.rel1.win32_1.0.0.202411081344/tools/bin/../lib/gcc/arm-none-eabi/13.3.1/../../../../arm-none-eabi/lib/thumb/v7e-m+dp/hard\libc_nano.a(libc_a-stdio.o)
                0x0800a2f6                __sseek
 .text.__sclose
                0x0800a31a        0x8 C:/ST/STM32CubeIDE_1.17.0/STM32CubeIDE/plugins/com.st.stm32cube.ide.mcu.externaltools.gnu-tools-for-stm32.13.3.rel1.win32_1.0.0.202411081344/tools/bin/../lib/gcc/arm-none-eabi/13.3.1/../../../../arm-none-eabi/lib/thumb/v7e-m+dp/hard\libc_nano.a(libc_a-stdio.o)
                0x0800a31a                __sclose
 .text.memcmp   0x0800a322       0x20 C:/ST/STM32CubeIDE_1.17.0/STM32CubeIDE/plugins/com.st.stm32cube.ide.mcu.externaltools.gnu-tools-for-stm32.13.3.rel1.win32_1.0.0.202411081344/tools/bin/../lib/gcc/arm-none-eabi/13.3.1/../../../../arm-none-eabi/lib/thumb/v7e-m+dp/hard\libc_nano.a(libc_a-memcmp.o)
                0x0800a322                memcmp
 .text.memset   0x0800a342       0x10 C:/ST/STM32CubeIDE_1.17.0/STM32CubeIDE/plugins/com.st.stm32cube.ide.mcu.externaltools.gnu-tools-for-stm32.13.3.rel1.win32_1.0.0.202411081344/tools/bin/../lib/gcc/arm-none-eabi/13.3.1/../../../../arm-none-eabi/lib/thumb/v7e-m+dp/hard\libc_nano.a(libc_a-memset.o)
                0x0800a342                memset
 .text.strncpy  0x0800a352       0x26 C:/ST/STM32CubeIDE_1.17.0/STM32CubeIDE/plugins/com.st.stm32cube.ide.mcu.externaltools.gnu-tools-for-stm32.13.3.rel1.win32_1.0.0.202411081344/tools/bin/../lib/gcc/arm-none-eabi/13.3.1/../../../../arm-none-eabi/lib/thumb/v7e-m+dp/hard\libc_nano.a(libc_a-strncpy.o)
                0x0800a352                strncpy
 .text._close_r
                0x0800a378       0x20 C:/ST/STM32CubeIDE_1.17.0/STM32CubeIDE/plugins/com.st.stm32cube.ide.mcu.externaltools.gnu-tools-for-stm32.13.3.rel1.win32_1.0.0.202411081344/tools/bin/../lib/gcc/arm-none-eabi/13.3.1/../../../../arm-none-eabi/lib/thumb/v7e-m+dp/hard\libc_nano.a(libc_a-closer.o)
                0x0800a378                _close_r
 .text._lseek_r
                0x0800a398       0x24 C:/ST/STM32CubeIDE_1.17.0/STM32CubeIDE/plugins/com.st.stm32cube.ide.mcu.externaltools.gnu-tools-for-stm32.13.3.rel1.win32_1.0.0.202411081344/tools/bin/../lib/gcc/arm-none-eabi/13.3.1/../../../../arm-none-eabi/lib/thumb/v7e-m+dp/hard\libc_nano.a(libc_a-lseekr.o)
                0x0800a398                _lseek_r
 .text._read_r  0x0800a3bc       0x24 C:/ST/STM32CubeIDE_1.17.0/STM32CubeIDE/plugins/com.st.stm32cube.ide.mcu.externaltools.gnu-tools-for-stm32.13.3.rel1.win32_1.0.0.202411081344/tools/bin/../lib/gcc/arm-none-eabi/13.3.1/../../../../arm-none-eabi/lib/thumb/v7e-m+dp/hard\libc_nano.a(libc_a-readr.o)
                0x0800a3bc                _read_r
 .text._write_r
                0x0800a3e0       0x24 C:/ST/STM32CubeIDE_1.17.0/STM32CubeIDE/plugins/com.st.stm32cube.ide.mcu.externaltools.gnu-tools-for-stm32.13.3.rel1.win32_1.0.0.202411081344/tools/bin/../lib/gcc/arm-none-eabi/13.3.1/../../../../arm-none-eabi/lib/thumb/v7e-m+dp/hard\libc_nano.a(libc_a-writer.o)
                0x0800a3e0                _write_r
 .text.__errno  0x0800a404        0xc C:/ST/STM32CubeIDE_1.17.0/STM32CubeIDE/plugins/com.st.stm32cube.ide.mcu.externaltools.gnu-tools-for-stm32.13.3.rel1.win32_1.0.0.202411081344/tools/bin/../lib/gcc/arm-none-eabi/13.3.1/../../../../arm-none-eabi/lib/thumb/v7e-m+dp/hard\libc_nano.a(libc_a-errno.o)
                0x0800a404                __errno
 .text.__libc_init_array
                0x0800a410       0x48 C:/ST/STM32CubeIDE_1.17.0/STM32CubeIDE/plugins/com.st.stm32cube.ide.mcu.externaltools.gnu-tools-for-stm32.13.3.rel1.win32_1.0.0.202411081344/tools/bin/../lib/gcc/arm-none-eabi/13.3.1/../../../../arm-none-eabi/lib/thumb/v7e-m+dp/hard\libc_nano.a(libc_a-init.o)
                0x0800a410                __libc_init_array
 .text.__retarget_lock_init_recursive
                0x0800a458        0x2 C:/ST/STM32CubeIDE_1.17.0/STM32CubeIDE/plugins/com.st.stm32cube.ide.mcu.externaltools.gnu-tools-for-stm32.13.3.rel1.win32_1.0.0.202411081344/tools/bin/../lib/gcc/arm-none-eabi/13.3.1/../../../../arm-none-eabi/lib/thumb/v7e-m+dp/hard\libc_nano.a(libc_a-lock.o)
                0x0800a458                __retarget_lock_init_recursive
 .text.__retarget_lock_acquire_recursive
                0x0800a45a        0x2 C:/ST/STM32CubeIDE_1.17.0/STM32CubeIDE/plugins/com.st.stm32cube.ide.mcu.externaltools.gnu-tools-for-stm32.13.3.rel1.win32_1.0.0.202411081344/tools/bin/../lib/gcc/arm-none-eabi/13.3.1/../../../../arm-none-eabi/lib/thumb/v7e-m+dp/hard\libc_nano.a(libc_a-lock.o)
                0x0800a45a                __retarget_lock_acquire_recursive
 .text.__retarget_lock_release_recursive
                0x0800a45c        0x2 C:/ST/STM32CubeIDE_1.17.0/STM32CubeIDE/plugins/com.st.stm32cube.ide.mcu.externaltools.gnu-tools-for-stm32.13.3.rel1.win32_1.0.0.202411081344/tools/bin/../lib/gcc/arm-none-eabi/13.3.1/../../../../arm-none-eabi/lib/thumb/v7e-m+dp/hard\libc_nano.a(libc_a-lock.o)
                0x0800a45c                __retarget_lock_release_recursive
 .text.strcpy   0x0800a45e       0x10 C:/ST/STM32CubeIDE_1.17.0/STM32CubeIDE/plugins/com.st.stm32cube.ide.mcu.externaltools.gnu-tools-for-stm32.13.3.rel1.win32_1.0.0.202411081344/tools/bin/../lib/gcc/arm-none-eabi/13.3.1/../../../../arm-none-eabi/lib/thumb/v7e-m+dp/hard\libc_nano.a(libc_a-strcpy.o)
                0x0800a45e                strcpy
 .text.memcpy   0x0800a46e       0x1c C:/ST/STM32CubeIDE_1.17.0/STM32CubeIDE/plugins/com.st.stm32cube.ide.mcu.externaltools.gnu-tools-for-stm32.13.3.rel1.win32_1.0.0.202411081344/tools/bin/../lib/gcc/arm-none-eabi/13.3.1/../../../../arm-none-eabi/lib/thumb/v7e-m+dp/hard\libc_nano.a(libc_a-memcpy-stub.o)
                0x0800a46e                memcpy
 .text.abort    0x0800a48a        0xe C:/ST/STM32CubeIDE_1.17.0/STM32CubeIDE/plugins/com.st.stm32cube.ide.mcu.externaltools.gnu-tools-for-stm32.13.3.rel1.win32_1.0.0.202411081344/tools/bin/../lib/gcc/arm-none-eabi/13.3.1/../../../../arm-none-eabi/lib/thumb/v7e-m+dp/hard\libc_nano.a(libc_a-abort.o)
                0x0800a48a                abort
 .text._free_r  0x0800a498       0x94 C:/ST/STM32CubeIDE_1.17.0/STM32CubeIDE/plugins/com.st.stm32cube.ide.mcu.externaltools.gnu-tools-for-stm32.13.3.rel1.win32_1.0.0.202411081344/tools/bin/../lib/gcc/arm-none-eabi/13.3.1/../../../../arm-none-eabi/lib/thumb/v7e-m+dp/hard\libc_nano.a(libc_a-freer.o)
                0x0800a498                _free_r
 .text.malloc   0x0800a52c       0x10 C:/ST/STM32CubeIDE_1.17.0/STM32CubeIDE/plugins/com.st.stm32cube.ide.mcu.externaltools.gnu-tools-for-stm32.13.3.rel1.win32_1.0.0.202411081344/tools/bin/../lib/gcc/arm-none-eabi/13.3.1/../../../../arm-none-eabi/lib/thumb/v7e-m+dp/hard\libc_nano.a(libc_a-malloc.o)
                0x0800a52c                malloc
 .text.sbrk_aligned
                0x0800a53c       0x44 C:/ST/STM32CubeIDE_1.17.0/STM32CubeIDE/plugins/com.st.stm32cube.ide.mcu.externaltools.gnu-tools-for-stm32.13.3.rel1.win32_1.0.0.202411081344/tools/bin/../lib/gcc/arm-none-eabi/13.3.1/../../../../arm-none-eabi/lib/thumb/v7e-m+dp/hard\libc_nano.a(libc_a-mallocr.o)
 .text._malloc_r
                0x0800a580      0x100 C:/ST/STM32CubeIDE_1.17.0/STM32CubeIDE/plugins/com.st.stm32cube.ide.mcu.externaltools.gnu-tools-for-stm32.13.3.rel1.win32_1.0.0.202411081344/tools/bin/../lib/gcc/arm-none-eabi/13.3.1/../../../../arm-none-eabi/lib/thumb/v7e-m+dp/hard\libc_nano.a(libc_a-mallocr.o)
                0x0800a580                _malloc_r
 .text.__malloc_lock
                0x0800a680        0xc C:/ST/STM32CubeIDE_1.17.0/STM32CubeIDE/plugins/com.st.stm32cube.ide.mcu.externaltools.gnu-tools-for-stm32.13.3.rel1.win32_1.0.0.202411081344/tools/bin/../lib/gcc/arm-none-eabi/13.3.1/../../../../arm-none-eabi/lib/thumb/v7e-m+dp/hard\libc_nano.a(libc_a-mlock.o)
                0x0800a680                __malloc_lock
 .text.__malloc_unlock
                0x0800a68c        0xc C:/ST/STM32CubeIDE_1.17.0/STM32CubeIDE/plugins/com.st.stm32cube.ide.mcu.externaltools.gnu-tools-for-stm32.13.3.rel1.win32_1.0.0.202411081344/tools/bin/../lib/gcc/arm-none-eabi/13.3.1/../../../../arm-none-eabi/lib/thumb/v7e-m+dp/hard\libc_nano.a(libc_a-mlock.o)
                0x0800a68c                __malloc_unlock
 .text.__ssputs_r
                0x0800a698       0xb6 C:/ST/STM32CubeIDE_1.17.0/STM32CubeIDE/plugins/com.st.stm32cube.ide.mcu.externaltools.gnu-tools-for-stm32.13.3.rel1.win32_1.0.0.202411081344/tools/bin/../lib/gcc/arm-none-eabi/13.3.1/../../../../arm-none-eabi/lib/thumb/v7e-m+dp/hard\libc_nano.a(libc_a-nano-svfprintf.o)
                0x0800a698                __ssputs_r
 *fill*         0x0800a74e        0x2 
 .text._svfprintf_r
                0x0800a750      0x1f8 C:/ST/STM32CubeIDE_1.17.0/STM32CubeIDE/plugins/com.st.stm32cube.ide.mcu.externaltools.gnu-tools-for-stm32.13.3.rel1.win32_1.0.0.202411081344/tools/bin/../lib/gcc/arm-none-eabi/13.3.1/../../../../arm-none-eabi/lib/thumb/v7e-m+dp/hard\libc_nano.a(libc_a-nano-svfprintf.o)
                0x0800a750                _svfiprintf_r
                0x0800a750                _svfprintf_r
 .text.__sfputc_r
                0x0800a948       0x2e C:/ST/STM32CubeIDE_1.17.0/STM32CubeIDE/plugins/com.st.stm32cube.ide.mcu.externaltools.gnu-tools-for-stm32.13.3.rel1.win32_1.0.0.202411081344/tools/bin/../lib/gcc/arm-none-eabi/13.3.1/../../../../arm-none-eabi/lib/thumb/v7e-m+dp/hard\libc_nano.a(libc_a-nano-vfprintf.o)
 .text.__sfputs_r
                0x0800a976       0x24 C:/ST/STM32CubeIDE_1.17.0/STM32CubeIDE/plugins/com.st.stm32cube.ide.mcu.externaltools.gnu-tools-for-stm32.13.3.rel1.win32_1.0.0.202411081344/tools/bin/../lib/gcc/arm-none-eabi/13.3.1/../../../../arm-none-eabi/lib/thumb/v7e-m+dp/hard\libc_nano.a(libc_a-nano-vfprintf.o)
                0x0800a976                __sfputs_r
 *fill*         0x0800a99a        0x2 
 .text._vfprintf_r
                0x0800a99c      0x230 C:/ST/STM32CubeIDE_1.17.0/STM32CubeIDE/plugins/com.st.stm32cube.ide.mcu.externaltools.gnu-tools-for-stm32.13.3.rel1.win32_1.0.0.202411081344/tools/bin/../lib/gcc/arm-none-eabi/13.3.1/../../../../arm-none-eabi/lib/thumb/v7e-m+dp/hard\libc_nano.a(libc_a-nano-vfprintf.o)
                0x0800a99c                _vfprintf_r
                0x0800a99c                _vfiprintf_r
 .text._printf_common
                0x0800abcc       0xda C:/ST/STM32CubeIDE_1.17.0/STM32CubeIDE/plugins/com.st.stm32cube.ide.mcu.externaltools.gnu-tools-for-stm32.13.3.rel1.win32_1.0.0.202411081344/tools/bin/../lib/gcc/arm-none-eabi/13.3.1/../../../../arm-none-eabi/lib/thumb/v7e-m+dp/hard\libc_nano.a(libc_a-nano-vfprintf_i.o)
                0x0800abcc                _printf_common
 *fill*         0x0800aca6        0x2 
 .text._printf_i
                0x0800aca8      0x23c C:/ST/STM32CubeIDE_1.17.0/STM32CubeIDE/plugins/com.st.stm32cube.ide.mcu.externaltools.gnu-tools-for-stm32.13.3.rel1.win32_1.0.0.202411081344/tools/bin/../lib/gcc/arm-none-eabi/13.3.1/../../../../arm-none-eabi/lib/thumb/v7e-m+dp/hard\libc_nano.a(libc_a-nano-vfprintf_i.o)
                0x0800aca8                _printf_i
 .text.__sflush_r
                0x0800aee4      0x108 C:/ST/STM32CubeIDE_1.17.0/STM32CubeIDE/plugins/com.st.stm32cube.ide.mcu.externaltools.gnu-tools-for-stm32.13.3.rel1.win32_1.0.0.202411081344/tools/bin/../lib/gcc/arm-none-eabi/13.3.1/../../../../arm-none-eabi/lib/thumb/v7e-m+dp/hard\libc_nano.a(libc_a-fflush.o)
                0x0800aee4                __sflush_r
 .text._fflush_r
                0x0800afec       0x50 C:/ST/STM32CubeIDE_1.17.0/STM32CubeIDE/plugins/com.st.stm32cube.ide.mcu.externaltools.gnu-tools-for-stm32.13.3.rel1.win32_1.0.0.202411081344/tools/bin/../lib/gcc/arm-none-eabi/13.3.1/../../../../arm-none-eabi/lib/thumb/v7e-m+dp/hard\libc_nano.a(libc_a-fflush.o)
                0x0800afec                _fflush_r
 .text.__swhatbuf_r
                0x0800b03c       0x4c C:/ST/STM32CubeIDE_1.17.0/STM32CubeIDE/plugins/com.st.stm32cube.ide.mcu.externaltools.gnu-tools-for-stm32.13.3.rel1.win32_1.0.0.202411081344/tools/bin/../lib/gcc/arm-none-eabi/13.3.1/../../../../arm-none-eabi/lib/thumb/v7e-m+dp/hard\libc_nano.a(libc_a-makebuf.o)
                0x0800b03c                __swhatbuf_r
 .text.__smakebuf_r
                0x0800b088       0x78 C:/ST/STM32CubeIDE_1.17.0/STM32CubeIDE/plugins/com.st.stm32cube.ide.mcu.externaltools.gnu-tools-for-stm32.13.3.rel1.win32_1.0.0.202411081344/tools/bin/../lib/gcc/arm-none-eabi/13.3.1/../../../../arm-none-eabi/lib/thumb/v7e-m+dp/hard\libc_nano.a(libc_a-makebuf.o)
                0x0800b088                __smakebuf_r
 .text.__swbuf_r
                0x0800b100       0x7c C:/ST/STM32CubeIDE_1.17.0/STM32CubeIDE/plugins/com.st.stm32cube.ide.mcu.externaltools.gnu-tools-for-stm32.13.3.rel1.win32_1.0.0.202411081344/tools/bin/../lib/gcc/arm-none-eabi/13.3.1/../../../../arm-none-eabi/lib/thumb/v7e-m+dp/hard\libc_nano.a(libc_a-wbuf.o)
                0x0800b100                __swbuf_r
 .text.__swsetup_r
                0x0800b17c       0xac C:/ST/STM32CubeIDE_1.17.0/STM32CubeIDE/plugins/com.st.stm32cube.ide.mcu.externaltools.gnu-tools-for-stm32.13.3.rel1.win32_1.0.0.202411081344/tools/bin/../lib/gcc/arm-none-eabi/13.3.1/../../../../arm-none-eabi/lib/thumb/v7e-m+dp/hard\libc_nano.a(libc_a-wsetup.o)
                0x0800b17c                __swsetup_r
 .text.memmove  0x0800b228       0x34 C:/ST/STM32CubeIDE_1.17.0/STM32CubeIDE/plugins/com.st.stm32cube.ide.mcu.externaltools.gnu-tools-for-stm32.13.3.rel1.win32_1.0.0.202411081344/tools/bin/../lib/gcc/arm-none-eabi/13.3.1/../../../../arm-none-eabi/lib/thumb/v7e-m+dp/hard\libc_nano.a(libc_a-memmove.o)
                0x0800b228                memmove
 .text._raise_r
                0x0800b25c       0x50 C:/ST/STM32CubeIDE_1.17.0/STM32CubeIDE/plugins/com.st.stm32cube.ide.mcu.externaltools.gnu-tools-for-stm32.13.3.rel1.win32_1.0.0.202411081344/tools/bin/../lib/gcc/arm-none-eabi/13.3.1/../../../../arm-none-eabi/lib/thumb/v7e-m+dp/hard\libc_nano.a(libc_a-signal.o)
                0x0800b25c                _raise_r
 .text.raise    0x0800b2ac       0x10 C:/ST/STM32CubeIDE_1.17.0/STM32CubeIDE/plugins/com.st.stm32cube.ide.mcu.externaltools.gnu-tools-for-stm32.13.3.rel1.win32_1.0.0.202411081344/tools/bin/../lib/gcc/arm-none-eabi/13.3.1/../../../../arm-none-eabi/lib/thumb/v7e-m+dp/hard\libc_nano.a(libc_a-signal.o)
                0x0800b2ac                raise
 .text._fstat_r
                0x0800b2bc       0x24 C:/ST/STM32CubeIDE_1.17.0/STM32CubeIDE/plugins/com.st.stm32cube.ide.mcu.externaltools.gnu-tools-for-stm32.13.3.rel1.win32_1.0.0.202411081344/tools/bin/../lib/gcc/arm-none-eabi/13.3.1/../../../../arm-none-eabi/lib/thumb/v7e-m+dp/hard\libc_nano.a(libc_a-fstatr.o)
                0x0800b2bc                _fstat_r
 .text._isatty_r
                0x0800b2e0       0x20 C:/ST/STM32CubeIDE_1.17.0/STM32CubeIDE/plugins/com.st.stm32cube.ide.mcu.externaltools.gnu-tools-for-stm32.13.3.rel1.win32_1.0.0.202411081344/tools/bin/../lib/gcc/arm-none-eabi/13.3.1/../../../../arm-none-eabi/lib/thumb/v7e-m+dp/hard\libc_nano.a(libc_a-isattyr.o)
                0x0800b2e0                _isatty_r
 .text._kill_r  0x0800b300       0x24 C:/ST/STM32CubeIDE_1.17.0/STM32CubeIDE/plugins/com.st.stm32cube.ide.mcu.externaltools.gnu-tools-for-stm32.13.3.rel1.win32_1.0.0.202411081344/tools/bin/../lib/gcc/arm-none-eabi/13.3.1/../../../../arm-none-eabi/lib/thumb/v7e-m+dp/hard\libc_nano.a(libc_a-signalr.o)
                0x0800b300                _kill_r
 .text._getpid_r
                0x0800b324        0x4 C:/ST/STM32CubeIDE_1.17.0/STM32CubeIDE/plugins/com.st.stm32cube.ide.mcu.externaltools.gnu-tools-for-stm32.13.3.rel1.win32_1.0.0.202411081344/tools/bin/../lib/gcc/arm-none-eabi/13.3.1/../../../../arm-none-eabi/lib/thumb/v7e-m+dp/hard\libc_nano.a(libc_a-signalr.o)
                0x0800b324                _getpid_r
 .text._sbrk_r  0x0800b328       0x20 C:/ST/STM32CubeIDE_1.17.0/STM32CubeIDE/plugins/com.st.stm32cube.ide.mcu.externaltools.gnu-tools-for-stm32.13.3.rel1.win32_1.0.0.202411081344/tools/bin/../lib/gcc/arm-none-eabi/13.3.1/../../../../arm-none-eabi/lib/thumb/v7e-m+dp/hard\libc_nano.a(libc_a-sbrkr.o)
                0x0800b328                _sbrk_r
 .text._realloc_r
                0x0800b348       0x5c C:/ST/STM32CubeIDE_1.17.0/STM32CubeIDE/plugins/com.st.stm32cube.ide.mcu.externaltools.gnu-tools-for-stm32.13.3.rel1.win32_1.0.0.202411081344/tools/bin/../lib/gcc/arm-none-eabi/13.3.1/../../../../arm-none-eabi/lib/thumb/v7e-m+dp/hard\libc_nano.a(libc_a-reallocr.o)
                0x0800b348                _realloc_r
 .text._malloc_usable_size_r
                0x0800b3a4       0x10 C:/ST/STM32CubeIDE_1.17.0/STM32CubeIDE/plugins/com.st.stm32cube.ide.mcu.externaltools.gnu-tools-for-stm32.13.3.rel1.win32_1.0.0.202411081344/tools/bin/../lib/gcc/arm-none-eabi/13.3.1/../../../../arm-none-eabi/lib/thumb/v7e-m+dp/hard\libc_nano.a(libc_a-msizer.o)
                0x0800b3a4                _malloc_usable_size_r
 *(.glue_7)
 .glue_7        0x0800b3b4        0x0 linker stubs
 *(.glue_7t)
 .glue_7t       0x0800b3b4        0x0 linker stubs
 *(.eh_frame)
 .eh_frame      0x0800b3b4        0x0 C:/ST/STM32CubeIDE_1.17.0/STM32CubeIDE/plugins/com.st.stm32cube.ide.mcu.externaltools.gnu-tools-for-stm32.13.3.rel1.win32_1.0.0.202411081344/tools/bin/../lib/gcc/arm-none-eabi/13.3.1/thumb/v7e-m+dp/hard/crtbegin.o
 *(.init)
 .init          0x0800b3b4        0x4 C:/ST/STM32CubeIDE_1.17.0/STM32CubeIDE/plugins/com.st.stm32cube.ide.mcu.externaltools.gnu-tools-for-stm32.13.3.rel1.win32_1.0.0.202411081344/tools/bin/../lib/gcc/arm-none-eabi/13.3.1/thumb/v7e-m+dp/hard/crti.o
                0x0800b3b4                _init
 .init          0x0800b3b8        0x8 C:/ST/STM32CubeIDE_1.17.0/STM32CubeIDE/plugins/com.st.stm32cube.ide.mcu.externaltools.gnu-tools-for-stm32.13.3.rel1.win32_1.0.0.202411081344/tools/bin/../lib/gcc/arm-none-eabi/13.3.1/thumb/v7e-m+dp/hard/crtn.o
 *(.fini)
 .fini          0x0800b3c0        0x4 C:/ST/STM32CubeIDE_1.17.0/STM32CubeIDE/plugins/com.st.stm32cube.ide.mcu.externaltools.gnu-tools-for-stm32.13.3.rel1.win32_1.0.0.202411081344/tools/bin/../lib/gcc/arm-none-eabi/13.3.1/thumb/v7e-m+dp/hard/crti.o
                0x0800b3c0                _fini
 .fini          0x0800b3c4        0x8 C:/ST/STM32CubeIDE_1.17.0/STM32CubeIDE/plugins/com.st.stm32cube.ide.mcu.externaltools.gnu-tools-for-stm32.13.3.rel1.win32_1.0.0.202411081344/tools/bin/../lib/gcc/arm-none-eabi/13.3.1/thumb/v7e-m+dp/hard/crtn.o
                0x0800b3cc                        . = ALIGN (0x4)
                0x0800b3cc                        _etext = .

.vfp11_veneer   0x0800b3cc        0x0
 .vfp11_veneer  0x0800b3cc        0x0 linker stubs

.v4_bx          0x0800b3cc        0x0
 .v4_bx         0x0800b3cc        0x0 linker stubs

.iplt           0x0800b3cc        0x0
 .iplt          0x0800b3cc        0x0 C:/ST/STM32CubeIDE_1.17.0/STM32CubeIDE/plugins/com.st.stm32cube.ide.mcu.externaltools.gnu-tools-for-stm32.13.3.rel1.win32_1.0.0.202411081344/tools/bin/../lib/gcc/arm-none-eabi/13.3.1/thumb/v7e-m+dp/hard/crtbegin.o

.rodata         0x0800b3cc     0xa284
                0x0800b3cc                        . = ALIGN (0x4)
 *(.rodata)
 .rodata        0x0800b3cc       0x7c ./Application/app.o
 *(.rodata*)
 .rodata.gb_error.str1.1
                0x0800b448      0x160 ./Application/app.o
                                 0x17 (size before relaxing)
 .rodata.__gb_write.str1.1
                0x0800b5a8        0x6 ./Application/app.o
 .rodata.APP_Init.str1.1
                0x0800b5a8       0x29 ./Application/app.o
 .rodata.APP_Task.str1.1
                0x0800b5a8       0x25 ./Application/app.o
 .rodata.mainTask.str1.1
                0x0800b5a8       0x5b ./Application/app.o
 .rodata.__func__.0
                0x0800b5a8        0x9 ./Application/app.o
 *fill*         0x0800b5b1        0x3 
 .rodata.TAC_CYCLES.1
                0x0800b5b4       0x10 ./Application/app.o
 .rodata.op_cycles.2
                0x0800b5c4      0x100 ./Application/app.o
 .rodata.ortab.3
                0x0800b6c4       0x30 ./Application/app.o
 .rodata.gameboy_rom_gb
                0x0800b6f4     0x8000 ./Application/app.o
 .rodata.main.str1.1
                0x080136f4       0x21 ./Core/Src/main.o
 .rodata.APBPrescTable
                0x080136f4        0x8 ./Core/Src/system_stm32f7xx.o
                0x080136f4                APBPrescTable
 .rodata.AHBPrescTable
                0x080136fc       0x10 ./Core/Src/system_stm32f7xx.o
                0x080136fc                AHBPrescTable
 .rodata.GPIO_PIN
                0x0801370c        0x8 ./Drivers/BSP/Discovery/led.o
                0x0801370c                GPIO_PIN
 .rodata.Font12_Table
                0x08013714      0x474 ./Drivers/BSP/HDMI/Fonts/font12.o
                0x08013714                Font12_Table
 .rodata.Font24_Table
                0x08013b88     0x1ab8 ./Drivers/BSP/HDMI/Fonts/font24.o
                0x08013b88                Font24_Table
 .rodata.NRF24_EnablePipeRX.str1.1
                0x08015640        0xe ./Drivers/BSP/NRF24L01/nrf24l01.o
 .rodata.flagBitshiftOffset.0
                0x08015640        0x8 ./Drivers/STM32F7xx_HAL_Driver/Src/stm32f7xx_hal_dma.o
 .rodata.CSWTCH.1
                0x08015648        0x8 ./Drivers/STM32F7xx_HAL_Driver/Src/stm32f7xx_hal_ltdc.o
 .rodata.__assert_func.str1.1
                0x08015650       0x3d C:/ST/STM32CubeIDE_1.17.0/STM32CubeIDE/plugins/com.st.stm32cube.ide.mcu.externaltools.gnu-tools-for-stm32.13.3.rel1.win32_1.0.0.202411081344/tools/bin/../lib/gcc/arm-none-eabi/13.3.1/../../../../arm-none-eabi/lib/thumb/v7e-m+dp/hard\libc_nano.a(libc_a-assert.o)
 .rodata._svfprintf_r.str1.1
                0x08015650       0x11 C:/ST/STM32CubeIDE_1.17.0/STM32CubeIDE/plugins/com.st.stm32cube.ide.mcu.externaltools.gnu-tools-for-stm32.13.3.rel1.win32_1.0.0.202411081344/tools/bin/../lib/gcc/arm-none-eabi/13.3.1/../../../../arm-none-eabi/lib/thumb/v7e-m+dp/hard\libc_nano.a(libc_a-nano-svfprintf.o)
 .rodata._vfprintf_r.str1.1
                0x08015650       0x11 C:/ST/STM32CubeIDE_1.17.0/STM32CubeIDE/plugins/com.st.stm32cube.ide.mcu.externaltools.gnu-tools-for-stm32.13.3.rel1.win32_1.0.0.202411081344/tools/bin/../lib/gcc/arm-none-eabi/13.3.1/../../../../arm-none-eabi/lib/thumb/v7e-m+dp/hard\libc_nano.a(libc_a-nano-vfprintf.o)
 .rodata._printf_i.str1.1
                0x08015650       0x22 C:/ST/STM32CubeIDE_1.17.0/STM32CubeIDE/plugins/com.st.stm32cube.ide.mcu.externaltools.gnu-tools-for-stm32.13.3.rel1.win32_1.0.0.202411081344/tools/bin/../lib/gcc/arm-none-eabi/13.3.1/../../../../arm-none-eabi/lib/thumb/v7e-m+dp/hard\libc_nano.a(libc_a-nano-vfprintf_i.o)
                0x08015690                        . = ALIGN (0x4)

.ARM.extab      0x08015650        0x0
                0x08015650                        . = ALIGN (0x4)
 *(.ARM.extab* .gnu.linkonce.armextab.*)
                0x08015650                        . = ALIGN (0x4)

.ARM            0x08015650        0x8
                0x08015650                        . = ALIGN (0x4)
                0x08015650                        __exidx_start = .
 *(.ARM.exidx*)
 .ARM.exidx     0x08015650        0x8 C:/ST/STM32CubeIDE_1.17.0/STM32CubeIDE/plugins/com.st.stm32cube.ide.mcu.externaltools.gnu-tools-for-stm32.13.3.rel1.win32_1.0.0.202411081344/tools/bin/../lib/gcc/arm-none-eabi/13.3.1/../../../../arm-none-eabi/lib/thumb/v7e-m+dp/hard\libc_nano.a(libc_a-strcmp.o)
 .ARM.exidx     0x08015658        0x0 C:/ST/STM32CubeIDE_1.17.0/STM32CubeIDE/plugins/com.st.stm32cube.ide.mcu.externaltools.gnu-tools-for-stm32.13.3.rel1.win32_1.0.0.202411081344/tools/bin/../lib/gcc/arm-none-eabi/13.3.1/../../../../arm-none-eabi/lib/thumb/v7e-m+dp/hard\libc_nano.a(libc_a-strlen.o)
                                  0x8 (size before relaxing)
 .ARM.exidx     0x08015658        0x0 C:/ST/STM32CubeIDE_1.17.0/STM32CubeIDE/plugins/com.st.stm32cube.ide.mcu.externaltools.gnu-tools-for-stm32.13.3.rel1.win32_1.0.0.202411081344/tools/bin/../lib/gcc/arm-none-eabi/13.3.1/../../../../arm-none-eabi/lib/thumb/v7e-m+dp/hard\libc_nano.a(libc_a-memchr.o)
                                  0x8 (size before relaxing)
 .ARM.exidx     0x08015658        0x0 C:/ST/STM32CubeIDE_1.17.0/STM32CubeIDE/plugins/com.st.stm32cube.ide.mcu.externaltools.gnu-tools-for-stm32.13.3.rel1.win32_1.0.0.202411081344/tools/bin/../lib/gcc/arm-none-eabi/13.3.1/thumb/v7e-m+dp/hard\libgcc.a(_udivmoddi4.o)
                                  0x8 (size before relaxing)
                0x08015658                        __exidx_end = .
                0x08015658                        . = ALIGN (0x4)

.rel.dyn        0x08015658        0x0
 .rel.iplt      0x08015658        0x0 C:/ST/STM32CubeIDE_1.17.0/STM32CubeIDE/plugins/com.st.stm32cube.ide.mcu.externaltools.gnu-tools-for-stm32.13.3.rel1.win32_1.0.0.202411081344/tools/bin/../lib/gcc/arm-none-eabi/13.3.1/thumb/v7e-m+dp/hard/crtbegin.o

.preinit_array  0x08015658        0x0
                0x08015658                        . = ALIGN (0x4)
                0x08015658                        PROVIDE (__preinit_array_start = .)
 *(.preinit_array*)
                0x08015658                        PROVIDE (__preinit_array_end = .)
                0x08015658                        . = ALIGN (0x4)

.init_array     0x08015658        0x4
                0x08015658                        . = ALIGN (0x4)
                0x08015658                        PROVIDE (__init_array_start = .)
 *(SORT_BY_NAME(.init_array.*))
 *(.init_array*)
 .init_array    0x08015658        0x4 C:/ST/STM32CubeIDE_1.17.0/STM32CubeIDE/plugins/com.st.stm32cube.ide.mcu.externaltools.gnu-tools-for-stm32.13.3.rel1.win32_1.0.0.202411081344/tools/bin/../lib/gcc/arm-none-eabi/13.3.1/thumb/v7e-m+dp/hard/crtbegin.o
                0x0801565c                        PROVIDE (__init_array_end = .)
                0x0801565c                        . = ALIGN (0x4)

.fini_array     0x0801565c        0x4
                0x0801565c                        . = ALIGN (0x4)
                [!provide]                        PROVIDE (__fini_array_start = .)
 *(SORT_BY_NAME(.fini_array.*))
 *(.fini_array*)
 .fini_array    0x0801565c        0x4 C:/ST/STM32CubeIDE_1.17.0/STM32CubeIDE/plugins/com.st.stm32cube.ide.mcu.externaltools.gnu-tools-for-stm32.13.3.rel1.win32_1.0.0.202411081344/tools/bin/../lib/gcc/arm-none-eabi/13.3.1/thumb/v7e-m+dp/hard/crtbegin.o
                [!provide]                        PROVIDE (__fini_array_end = .)
                0x08015660                        . = ALIGN (0x4)
                0x08015660                        _sidata = LOADADDR (.data)

.data           0x20000000      0x150 load address 0x08015660
                0x20000000                        . = ALIGN (0x4)
                0x20000000                        _sdata = .
 *(.data)
 *(.data*)
 .data.ADDR_4   0x20000000        0x5 ./Application/app.o
                0x20000000                ADDR_4
 .data.ADDR_3   0x20000005        0x5 ./Application/app.o
                0x20000005                ADDR_3
 .data.ADDR_2   0x2000000a        0x5 ./Application/app.o
                0x2000000a                ADDR_2
 .data.ADDR_1   0x2000000f        0x5 ./Application/app.o
                0x2000000f                ADDR_1
 .data.SystemCoreClock
                0x20000014        0x4 ./Core/Src/system_stm32f7xx.o
                0x20000014                SystemCoreClock
 .data.GPIO_PORT
                0x20000018       0x10 ./Drivers/BSP/Discovery/led.o
                0x20000018                GPIO_PORT
 .data.BUTTON_PORT
                0x20000028        0x4 ./Drivers/BSP/Discovery/pushbutton.o
                0x20000028                BUTTON_PORT
 .data.Font12   0x2000002c        0x8 ./Drivers/BSP/HDMI/Fonts/font12.o
                0x2000002c                Font12
 .data.Font24   0x20000034        0x8 ./Drivers/BSP/HDMI/Fonts/font24.o
                0x20000034                Font24
 .data.adv7533_drv
                0x2000003c       0x30 ./Drivers/BSP/HDMI/adv7533.o
                0x2000003c                adv7533_drv
 .data.HDMI_PLLConfig
                0x2000006c       0x50 ./Drivers/BSP/HDMI/stm32f769i_discovery_lcd.o
                0x2000006c                HDMI_PLLConfig
 .data.HDMI_DSIPacket
                0x200000bc        0xc ./Drivers/BSP/HDMI/stm32f769i_discovery_lcd.o
                0x200000bc                HDMI_DSIPacket
 .data.HDMI_Format
                0x200000c8       0x24 ./Drivers/BSP/HDMI/stm32f769i_discovery_lcd.o
                0x200000c8                HDMI_Format
 .data.sdramstatus.3
                0x200000ec        0x1 ./Drivers/BSP/HDMI/stm32f769i_discovery_sdram.o
 .data.uwTickFreq
                0x200000ed        0x1 ./Drivers/STM32F7xx_HAL_Driver/Src/stm32f7xx_hal.o
                0x200000ed                uwTickFreq
 *fill*         0x200000ee        0x2 
 .data.uwTickPrio
                0x200000f0        0x4 ./Drivers/STM32F7xx_HAL_Driver/Src/stm32f7xx_hal.o
                0x200000f0                uwTickPrio
 .data.__sglue  0x200000f4        0xc C:/ST/STM32CubeIDE_1.17.0/STM32CubeIDE/plugins/com.st.stm32cube.ide.mcu.externaltools.gnu-tools-for-stm32.13.3.rel1.win32_1.0.0.202411081344/tools/bin/../lib/gcc/arm-none-eabi/13.3.1/../../../../arm-none-eabi/lib/thumb/v7e-m+dp/hard\libc_nano.a(libc_a-findfp.o)
                0x200000f4                __sglue
 .data._impure_ptr
                0x20000100        0x4 C:/ST/STM32CubeIDE_1.17.0/STM32CubeIDE/plugins/com.st.stm32cube.ide.mcu.externaltools.gnu-tools-for-stm32.13.3.rel1.win32_1.0.0.202411081344/tools/bin/../lib/gcc/arm-none-eabi/13.3.1/../../../../arm-none-eabi/lib/thumb/v7e-m+dp/hard\libc_nano.a(libc_a-impure.o)
                0x20000100                _impure_ptr
 .data._impure_data
                0x20000104       0x4c C:/ST/STM32CubeIDE_1.17.0/STM32CubeIDE/plugins/com.st.stm32cube.ide.mcu.externaltools.gnu-tools-for-stm32.13.3.rel1.win32_1.0.0.202411081344/tools/bin/../lib/gcc/arm-none-eabi/13.3.1/../../../../arm-none-eabi/lib/thumb/v7e-m+dp/hard\libc_nano.a(libc_a-impure.o)
                0x20000104                _impure_data
 *(.RamFunc)
 *(.RamFunc*)
                0x20000150                        . = ALIGN (0x4)
                0x20000150                        _edata = .

.igot.plt       0x20000150        0x0 load address 0x080157b0
 .igot.plt      0x20000150        0x0 C:/ST/STM32CubeIDE_1.17.0/STM32CubeIDE/plugins/com.st.stm32cube.ide.mcu.externaltools.gnu-tools-for-stm32.13.3.rel1.win32_1.0.0.202411081344/tools/bin/../lib/gcc/arm-none-eabi/13.3.1/thumb/v7e-m+dp/hard/crtbegin.o
                0x20000150                        . = ALIGN (0x4)

.bss            0x20000150    0x24c18 load address 0x080157b0
                0x20000150                        _sbss = .
                0x20000150                        __bss_start__ = _sbss
 *(.bss)
 .bss           0x20000150       0x1c C:/ST/STM32CubeIDE_1.17.0/STM32CubeIDE/plugins/com.st.stm32cube.ide.mcu.externaltools.gnu-tools-for-stm32.13.3.rel1.win32_1.0.0.202411081344/tools/bin/../lib/gcc/arm-none-eabi/13.3.1/thumb/v7e-m+dp/hard/crtbegin.o
 *(.bss*)
 .bss.y_offset  0x2000016c        0x2 ./Application/app.o
 .bss.x_offset  0x2000016e        0x2 ./Application/app.o
 .bss.scale_factor
                0x20000170        0x2 ./Application/app.o
 *fill*         0x20000172        0x2 
 .bss.LCD_Y_Size
                0x20000174        0x4 ./Application/app.o
 .bss.LCD_X_Size
                0x20000178        0x4 ./Application/app.o
 .bss.g_ram     0x2000017c    0x20000 ./Application/app.o
                0x2000017c                g_ram
 .bss.priv      0x2002017c        0x8 ./Application/app.o
                0x2002017c                priv
 .bss.gb        0x20020184     0x4210 ./Application/app.o
                0x20020184                gb
 .bss.g_fb      0x20024394        0x8 ./Application/app.o
 .bss.LCD_LAYER_BACK
                0x2002439c        0x4 ./Application/app.o
 .bss.LCD_LAYER_FRONT
                0x200243a0        0x4 ./Application/app.o
 .bss.p_m       0x200243a4        0x4 ./Application/app.o
                0x200243a4                p_m
 .bss.x         0x200243a8       0x50 ./Application/app.o
                0x200243a8                x
 .bss.comando_wait
                0x200243f8       0x50 ./Application/app.o
                0x200243f8                comando_wait
 .bss.comando   0x20024448       0x50 ./Application/app.o
 .bss.sleep     0x20024498       0x10 ./Application/app.o
                0x20024498                sleep
 .bss.state     0x200244a8       0x10 ./Application/app.o
                0x200244a8                state
 .bss.t_falling
                0x200244b8       0x10 ./Application/app.o
                0x200244b8                t_falling
 .bss.players   0x200244c8       0x10 ./Application/app.o
                0x200244c8                players
 .bss.ADDR_RX_P3
                0x200244d8        0x4 ./Application/app.o
                0x200244d8                ADDR_RX_P3
 .bss.ADDR_RX_P2
                0x200244dc        0x4 ./Application/app.o
                0x200244dc                ADDR_RX_P2
 .bss.ADDR_TX_2
                0x200244e0        0x4 ./Application/app.o
                0x200244e0                ADDR_TX_2
 .bss.ADDR_TX_1
                0x200244e4        0x4 ./Application/app.o
                0x200244e4                ADDR_TX_1
 .bss.hsdram1   0x200244e8       0x34 ./Core/Src/main.o
                0x200244e8                hsdram1
 .bss.huart1    0x2002451c       0x88 ./Core/Src/main.o
                0x2002451c                huart1
 .bss.hspi5     0x200245a4       0x64 ./Core/Src/main.o
                0x200245a4                hspi5
 .bss.hrng      0x20024608       0x10 ./Core/Src/main.o
                0x20024608                hrng
 .bss.hltdc     0x20024618       0xa8 ./Core/Src/main.o
                0x20024618                hltdc